Product: MDK-ARM Professional 5.10
Component: ARM Compiler 5.04 update 1 (build 49)
Tool: armlink [5040049]

==============================================================================

Section Cross References

    main.o(.text) refers to controltask.o(.text) for ControtLoopTaskInit
    main.o(.text) refers to remotetask.o(.text) for RemoteTaskInit
    main.o(.text) refers to delay.o(.text) for delay_ms
    main.o(.text) refers to bsp.o(.text) for BSP_Init
    main.o(.text) refers to timer.o(.text) for Get_Time_Micros
    main.o(.text) refers to imu.o(.text) for IMU_getYawPitchRoll
    main.o(.text) refers to iotask.o(.text) for UploadParameter
    main.o(.text) refers to main.o(.data) for system_micrsecond
    main.o(.text) refers to imu.o(.bss) for angle
    bsp.o(.text) refers to misc.o(.text) for NVIC_PriorityGroupConfig
    bsp.o(.text) refers to gun.o(.text) for PWM_Configuration
    bsp.o(.text) refers to led.o(.text) for Led_Configuration
    bsp.o(.text) refers to laser.o(.text) for Laser_Configuration
    bsp.o(.text) refers to timer.o(.text) for TIM2_Configuration
    bsp.o(.text) refers to mpu6050_driver.o(.text) for MPU6050_Initialize
    bsp.o(.text) refers to encoder.o(.text) for Quad_Encoder_Configuration
    bsp.o(.text) refers to can1.o(.text) for CAN1_Configuration
    bsp.o(.text) refers to can2.o(.text) for CAN2_Configuration
    bsp.o(.text) refers to usart1.o(.text) for USART1_Configuration
    bsp.o(.text) refers to usart3.o(.text) for USART3_Configuration
    bsp.o(.text) refers to mpu6050_interrupt.o(.text) for MPU6050_IntConfiguration
    led.o(.text) refers to stm32f4xx_rcc.o(.text) for RCC_AHB1PeriphClockCmd
    led.o(.text) refers to stm32f4xx_gpio.o(.text) for GPIO_Init
    gun.o(.text) refers to stm32f4xx_rcc.o(.text) for RCC_AHB1PeriphClockCmd
    gun.o(.text) refers to stm32f4xx_gpio.o(.text) for GPIO_Init
    gun.o(.text) refers to stm32f4xx_tim.o(.text) for TIM_TimeBaseInit
    can1.o(.text) refers to stm32f4xx_rcc.o(.text) for RCC_AHB1PeriphClockCmd
    can1.o(.text) refers to stm32f4xx_gpio.o(.text) for GPIO_PinAFConfig
    can1.o(.text) refers to misc.o(.text) for NVIC_Init
    can1.o(.text) refers to stm32f4xx_can.o(.text) for CAN_DeInit
    can1.o(.text) refers to canbustask.o(.text) for CanReceiveMsgProcess
    can2.o(.text) refers to stm32f4xx_rcc.o(.text) for RCC_AHB1PeriphClockCmd
    can2.o(.text) refers to stm32f4xx_gpio.o(.text) for GPIO_PinAFConfig
    can2.o(.text) refers to misc.o(.text) for NVIC_Init
    can2.o(.text) refers to stm32f4xx_can.o(.text) for CAN_DeInit
    can2.o(.text) refers to canbustask.o(.text) for CanReceiveMsgProcess
    exti.o(.text) refers to stm32f4xx_rcc.o(.text) for RCC_APB2PeriphClockCmd
    exti.o(.text) refers to stm32f4xx_gpio.o(.text) for GPIO_Init
    exti.o(.text) refers to stm32f4xx_syscfg.o(.text) for SYSCFG_EXTILineConfig
    exti.o(.text) refers to stm32f4xx_exti.o(.text) for EXTI_Init
    exti.o(.text) refers to misc.o(.text) for NVIC_Init
    laser.o(.text) refers to stm32f4xx_rcc.o(.text) for RCC_AHB1PeriphClockCmd
    laser.o(.text) refers to stm32f4xx_gpio.o(.text) for GPIO_Init
    timer.o(.text) refers to stm32f4xx_rcc.o(.text) for RCC_APB2PeriphClockCmd
    timer.o(.text) refers to stm32f4xx_tim.o(.text) for TIM_ARRPreloadConfig
    timer.o(.text) refers to misc.o(.text) for NVIC_Init
    timer.o(.text) refers to stm32f4xx_gpio.o(.text) for GPIO_ToggleBits
    timer.o(.text) refers to controltask.o(.text) for Control_Task
    usart1.o(.text) refers to fifo.o(.text) for FIFO_Init
    usart1.o(.text) refers to stm32f4xx_rcc.o(.text) for RCC_AHB1PeriphClockCmd
    usart1.o(.text) refers to stm32f4xx_gpio.o(.text) for GPIO_PinAFConfig
    usart1.o(.text) refers to stm32f4xx_usart.o(.text) for USART_DeInit
    usart1.o(.text) refers to stm32f4xx_dma.o(.text) for DMA_DeInit
    usart1.o(.text) refers to misc.o(.text) for NVIC_Init
    usart1.o(.text) refers to remotetask.o(.text) for RemoteDataPrcess
    usart1.o(.text) refers to usart1.o(.bss) for _USART1_RX_BUF
    usart1.o(.text) refers to usart1.o(.data) for this_time_rx_len
    usart3.o(.text) refers to stm32f4xx_rcc.o(.text) for RCC_AHB1PeriphClockCmd
    usart3.o(.text) refers to stm32f4xx_gpio.o(.text) for GPIO_PinAFConfig
    usart3.o(.text) refers to stm32f4xx_usart.o(.text) for USART_Init
    usart3.o(.text) refers to misc.o(.text) for NVIC_Init
    usart3.o(.text) refers to fifo.o(.text) for FIFO_S_Create
    usart3.o(.text) refers to controltask.o(.text) for CMControlLoop
    usart3.o(.text) refers to usart3.o(.data) for UART_TranFifo
    usart3.o(.text) refers to remotetask.o(.bss) for GimbalRef
    usart3.o(.text) refers to protocal_parser.o(.text) for FrameUnpack
    usart3.o(.text) refers to iotask.o(.text) for SetCaliCmdFlag
    usart3.o(.text) refers to usart3.o(.bss) for rx_buffer
    encoder.o(.text) refers to stm32f4xx_rcc.o(.text) for RCC_AHB1PeriphClockCmd
    encoder.o(.text) refers to stm32f4xx_gpio.o(.text) for GPIO_Init
[...]
    .bss                                     0x20000a44   Section       71  remotetask.o(.bss)
    switch1                                  0x20000a74   Data          23  remotetask.o(.bss)
    .bss                                     0x20000a8c   Section      408  canbustask.o(.bss)
    .bss                                     0x20000c24   Section      266  protocal_parser.o(.bss)
    buffer                                   0x20000c24   Data          10  protocal_parser.o(.bss)
    __RecvFrameBuffer                        0x20000c2e   Data         256  protocal_parser.o(.bss)
    HEAP                                     0x20000d30   Section      512  startup_stm32f4xx.o(HEAP)
    STACK                                    0x20000f30   Section     2560  startup_stm32f4xx.o(STACK)

    Global Symbols

    Symbol Name                              Value     Ov Type        Size  Object(Section)

    BuildAttributes$$THM_ISAv4$E$P$D$K$B$S$7EM$VFPi3$EXTD16$VFPS$VFMA$PE$A:L22UL41UL21$X:L11$S22US41US21$IEEE1$IW$USESV6$~STKCKD$USESV7$~SHL$OTIME$ROPI$IEEEX$EBA8$MICROLIB$REQ8$PRES8$EABIv2 0x00000000   Number         0  anon$$obj.o ABSOLUTE
    __ARM_use_no_argv                        0x00000000   Number         0  main.o ABSOLUTE
    __cpp_initialize__aeabi_                  - Undefined Weak Reference
    __cxa_finalize                            - Undefined Weak Reference
    _clock_init                               - Undefined Weak Reference
    _microlib_exit                            - Undefined Weak Reference
    __Vectors_Size                           0x00000188   Number         0  startup_stm32f4xx.o ABSOLUTE
    __Vectors                                0x08000000   Data           4  startup_stm32f4xx.o(RESET)
    __Vectors_End                            0x08000188   Data           0  startup_stm32f4xx.o(RESET)
    __main                                   0x08000189   Thumb Code     0  entry.o(.ARM.Collect$$$$00000000)
    _main_stk                                0x08000189   Thumb Code     0  entry2.o(.ARM.Collect$$$$00000001)
    _main_scatterload                        0x0800018d   Thumb Code     0  entry5.o(.ARM.Collect$$$$00000004)
    __main_after_scatterload                 0x08000191   Thumb Code     0  entry5.o(.ARM.Collect$$$$00000004)
    _main_clock                              0x08000191   Thumb Code     0  entry7b.o(.ARM.Collect$$$$00000008)
    _main_cpp_init                           0x08000191   Thumb Code     0  entry8b.o(.ARM.Collect$$$$0000000A)
    _main_init                               0x08000191   Thumb Code     0  entry9a.o(.ARM.Collect$$$$0000000B)
    __rt_final_cpp                           0x08000199   Thumb Code     0  entry10a.o(.ARM.Collect$$$$0000000D)
    __rt_final_exit                          0x08000199   Thumb Code     0  entry11a.o(.ARM.Collect$$$$0000000F)
    main                                     0x0800019d   Thumb Code    80  main.o(.text)
    BSP_Init                                 0x080001fd   Thumb Code    74  bsp.o(.text)
    Led_Configuration                        0x0800024d   Thumb Code    58  led.o(.text)
    PWM_Configuration                        0x0800028d   Thumb Code   282  gun.o(.text)
    CAN1_Configuration                       0x080003b5   Thumb Code   262  can1.o(.text)
    GYRO_RST                                 0x080004bb   Thumb Code    86  can1.o(.text)
    CAN1_TX_IRQHandler                       0x08000511   Thumb Code    22  can1.o(.text)
    CAN1_RX0_IRQHandler                      0x08000527   Thumb Code    50  can1.o(.text)
    CAN2_Configuration                       0x08000565   Thumb Code   264  can2.o(.text)
    CAN2_TX_IRQHandler                       0x0800066d   Thumb Code    22  can2.o(.text)
    CAN2_RX0_IRQHandler                      0x08000683   Thumb Code    42  can2.o(.text)
    delay_ms                                 0x080006b5   Thumb Code    28  delay.o(.text)
    delay_us                                 0x080006d1   Thumb Code    26  delay.o(.text)
    Delay_ms                                 0x080006eb   Thumb Code    28  delay.o(.text)
    Delay_us                                 0x08000707   Thumb Code    26  delay.o(.text)
    Exti_Configuration                       0x08000721   Thumb Code   216  exti.o(.text)
    EXTI0_IRQHandler                         0x080007f9   Thumb Code    18  exti.o(.text)
    EXTI1_IRQHandler                         0x0800080b   Thumb Code    18  exti.o(.text)
    Laser_Configuration                      0x08000825   Thumb Code    54  laser.o(.text)
    TIM8_Configuration                       0x08000861   Thumb Code    84  timer.o(.text)
    TIM6_Configuration                       0x080008b5   Thumb Code    72  timer.o(.text)
    TIM6_Start                               0x080008fd   Thumb Code    30  timer.o(.text)
    TIM4_Configuration                       0x0800091b   Thumb Code    84  timer.o(.text)
    TIM2_Configuration                       0x0800096f   Thumb Code    60  timer.o(.text)
    TIM2_IRQHandler                          0x080009ab   Thumb Code    46  timer.o(.text)
    TIM6_DAC_IRQHandler                      0x080009d9   Thumb Code    34  timer.o(.text)
    Get_Time_Micros                          0x080009fb   Thumb Code     8  timer.o(.text)
    USART1_Configuration                     0x08000a25   Thumb Code   302  usart1.o(.text)
    USART1_IRQHandler                        0x08000b53   Thumb Code   166  usart1.o(.text)
    USART1_GetRxBuf                          0x08000bf9   Thumb Code     4  usart1.o(.text)
    USART3_Configuration                     0x08000c19   Thumb Code   182  usart3.o(.text)
    UART3_PrintCh                            0x08000ccf   Thumb Code    28  usart3.o(.text)
    UART3_PutStr                             0x08000ceb   Thumb Code    38  usart3.o(.text)
    UART3_PrintBlock                         0x08000d11   Thumb Code    44  usart3.o(.text)
    fputc                                    0x08000d3d   Thumb Code    32  usart3.o(.text)
    USART3_IRQHandler                        0x08000d5d   Thumb Code  1240  usart3.o(.text)
    Quad_Encoder_Configuration               0x08001245   Thumb Code    90  encoder.o(.text)
    Encoder_Start                            0x0800129f   Thumb Code    12  encoder.o(.text)
    GetQuadEncoderDiff                       0x080012ab   Thumb Code    40  encoder.o(.text)
    BSP_FLASH_GetFlashSector                 0x080012e7   Thumb Code   116  bsp_flash.o(.text)
    BSP_FLASH_Write                          0x0800135b   Thumb Code   168  bsp_flash.o(.text)
    BSP_FLASH_Read                           0x08001403   Thumb Code    34  bsp_flash.o(.text)
    Reset_Handler                            0x08001455   Thumb Code     8  startup_stm32f4xx.o(.text)
    SysTick_Handler                          0x0800146d   Thumb Code     2  startup_stm32f4xx.o(.text)
    ADC_IRQHandler                           0x0800146f   Thumb Code     0  startup_stm32f4xx.o(.text)
    CAN1_RX1_IRQHandler                      0x0800146f   Thumb Code     0  startup_stm32f4xx.o(.text)
    CAN1_SCE_IRQHandler                      0x0800146f   Thumb Code     0  startup_stm32f4xx.o(.text)
    CAN2_RX1_IRQHandler                      0x0800146f   Thumb Code     0  startup_stm32f4xx.o(.text)
    CAN2_SCE_IRQHandler                      0x0800146f   Thumb Code     0  startup_stm32f4xx.o(.text)
    CRYP_IRQHandler                          0x0800146f   Thumb Code     0  startup_stm32f4xx.o(.text)
    DCMI_IRQHandler                          0x0800146f   Thumb Code     0  startup_stm32f4xx.o(.text)
    DMA1_Stream0_IRQHandler                  0x0800146f   Thumb Code     0  startup_stm32f4xx.o(.text)
    DMA1_Stream1_IRQHandler                  0x0800146f   Thumb Code     0  startup_stm32f4xx.o(.text)
    DMA1_Stream2_IRQHandler                  0x0800146f   Thumb Code     0  startup_stm32f4xx.o(.text)
    DMA1_Stream3_IRQHandler                  0x0800146f   Thumb Code     0  startup_stm32f4xx.o(.text)
    DMA1_Stream4_IRQHandler                  0x0800146f   Thumb Code     0  startup_stm32f4xx.o(.text)
    DMA1_Stream5_IRQHandler                  0x0800146f   Thumb Code     0  startup_stm32f4xx.o(.text)
    DMA1_Stream6_IRQHandler                  0x0800146f   Thumb Code     0  startup_stm32f4xx.o(.text)
    DMA1_Stream7_IRQHandler                  0x0800146f   Thumb Code     0  startup_stm32f4xx.o(.text)
    DMA2_Stream0_IRQHandler                  0x0800146f   Thumb Code     0  startup_stm32f4xx.o(.text)
    DMA2_Stream1_IRQHandler                  0x0800146f   Thumb Code     0  startup_stm32f4xx.o(.text)
    DMA2_Stream2_IRQHandler                  0x0800146f   Thumb Code     0  startup_stm32f4xx.o(.text)
    DMA2_Stream3_IRQHandler                  0x0800146f   Thumb Code     0  startup_stm32f4xx.o(.text)
    DMA2_Stream4_IRQHandler                  0x0800146f   Thumb Code     0  startup_stm32f4xx.o(.text)
    DMA2_Stream5_IRQHandler                  0x0800146f   Thumb Code     0  startup_stm32f4xx.o(.text)
    DMA2_Stream6_IRQHandler                  0x0800146f   Thumb Code     0  startup_stm32f4xx.o(.text)
    DMA2_Stream7_IRQHandler                  0x0800146f   Thumb Code     0  startup_stm32f4xx.o(.text)
    ETH_IRQHandler                           0x0800146f   Thumb Code     0  startup_stm32f4xx.o(.text)
    ETH_WKUP_IRQHandler                      0x0800146f   Thumb Code     0  startup_stm32f4xx.o(.text)
    EXTI15_10_IRQHandler                     0x0800146f   Thumb Code     0  startup_stm32f4xx.o(.text)
    EXTI2_IRQHandler                         0x0800146f   Thumb Code     0  startup_stm32f4xx.o(.text)
    EXTI3_IRQHandler                         0x0800146f   Thumb Code     0  startup_stm32f4xx.o(.text)
    EXTI9_5_IRQHandler                       0x0800146f   Thumb Code     0  startup_stm32f4xx.o(.text)
    FLASH_IRQHandler                         0x0800146f   Thumb Code     0  startup_stm32f4xx.o(.text)
    FPU_IRQHandler                           0x0800146f   Thumb Code     0  startup_stm32f4xx.o(.text)
    FSMC_IRQHandler                          0x0800146f   Thumb Code     0  startup_stm32f4xx.o(.text)
    HASH_RNG_IRQHandler                      0x0800146f   Thumb Code     0  startup_stm32f4xx.o(.text)
    I2C1_ER_IRQHandler                       0x0800146f   Thumb Code     0  startup_stm32f4xx.o(.text)
    I2C1_EV_IRQHandler                       0x0800146f   Thumb Code     0  startup_stm32f4xx.o(.text)
    I2C2_ER_IRQHandler                       0x0800146f   Thumb Code     0  startup_stm32f4xx.o(.text)
    I2C2_EV_IRQHandler                       0x0800146f   Thumb Code     0  startup_stm32f4xx.o(.text)
    I2C3_ER_IRQHandler                       0x0800146f   Thumb Code     0  startup_stm32f4xx.o(.text)
    I2C3_EV_IRQHandler                       0x0800146f   Thumb Code     0  startup_stm32f4xx.o(.text)
    OTG_FS_IRQHandler                        0x0800146f   Thumb Code     0  startup_stm32f4xx.o(.text)
    OTG_FS_WKUP_IRQHandler                   0x0800146f   Thumb Code     0  startup_stm32f4xx.o(.text)
    OTG_HS_EP1_IN_IRQHandler                 0x0800146f   Thumb Code     0  startup_stm32f4xx.o(.text)
    OTG_HS_EP1_OUT_IRQHandler                0x0800146f   Thumb Code     0  startup_stm32f4xx.o(.text)
    OTG_HS_IRQHandler                        0x0800146f   Thumb Code     0  startup_stm32f4xx.o(.text)
    OTG_HS_WKUP_IRQHandler                   0x0800146f   Thumb Code     0  startup_stm32f4xx.o(.text)
    PVD_IRQHandler                           0x0800146f   Thumb Code     0  startup_stm32f4xx.o(.text)
    RCC_IRQHandler                           0x0800146f   Thumb Code     0  startup_stm32f4xx.o(.text)
    RTC_Alarm_IRQHandler                     0x0800146f   Thumb Code     0  startup_stm32f4xx.o(.text)
    RTC_WKUP_IRQHandler                      0x0800146f   Thumb Code     0  startup_stm32f4xx.o(.text)
    SDIO_IRQHandler                          0x0800146f   Thumb Code     0  startup_stm32f4xx.o(.text)
    SPI1_IRQHandler                          0x0800146f   Thumb Code     0  startup_stm32f4xx.o(.text)
    SPI2_IRQHandler                          0x0800146f   Thumb Code     0  startup_stm32f4xx.o(.text)
    SPI3_IRQHandler                          0x0800146f   Thumb Code     0  startup_stm32f4xx.o(.text)
    TAMP_STAMP_IRQHandler                    0x0800146f   Thumb Code     0  startup_stm32f4xx.o(.text)
    TIM1_BRK_TIM9_IRQHandler                 0x0800146f   Thumb Code     0  startup_stm32f4xx.o(.text)
    TIM1_CC_IRQHandler                       0x0800146f   Thumb Code     0  startup_stm32f4xx.o(.text)
    TIM1_TRG_COM_TIM11_IRQHandler            0x0800146f   Thumb Code     0  startup_stm32f4xx.o(.text)
    TIM1_UP_TIM10_IRQHandler                 0x0800146f   Thumb Code     0  startup_stm32f4xx.o(.text)
    TIM3_IRQHandler                          0x0800146f   Thumb Code     0  startup_stm32f4xx.o(.text)
    TIM4_IRQHandler                          0x0800146f   Thumb Code     0  startup_stm32f4xx.o(.text)
    TIM5_IRQHandler                          0x0800146f   Thumb Code     0  startup_stm32f4xx.o(.text)
    TIM7_IRQHandler                          0x0800146f   Thumb Code     0  startup_stm32f4xx.o(.text)
    TIM8_BRK_TIM12_IRQHandler                0x0800146f   Thumb Code     0  startup_stm32f4xx.o(.text)
    TIM8_CC_IRQHandler                       0x0800146f   Thumb Code     0  startup_stm32f4xx.o(.text)
    TIM8_TRG_COM_TIM14_IRQHandler            0x0800146f   Thumb Code     0  startup_stm32f4xx.o(.text)
    TIM8_UP_TIM13_IRQHandler                 0x0800146f   Thumb Code     0  startup_stm32f4xx.o(.text)
    UART4_IRQHandler                         0x0800146f   Thumb Code     0  startup_stm32f4xx.o(.text)
    UART5_IRQHandler                         0x0800146f   Thumb Code     0  startup_stm32f4xx.o(.text)
    USART2_IRQHandler                        0x0800146f   Thumb Code     0  startup_stm32f4xx.o(.text)
    USART6_IRQHandler                        0x0800146f   Thumb Code     0  startup_stm32f4xx.o(.text)
    WWDG_IRQHandler                          0x0800146f   Thumb Code     0  startup_stm32f4xx.o(.text)
    NMI_Handler                              0x08001479   Thumb Code     2  stm32f4xx_it.o(.text)
    HardFault_Handler                        0x0800147b   Thumb Code     4  stm32f4xx_it.o(.text)
    MemManage_Handler                        0x0800147f   Thumb Code     4  stm32f4xx_it.o(.text)
    BusFault_Handler                         0x08001483   Thumb Code     4  stm32f4xx_it.o(.text)
    UsageFault_Handler                       0x08001487   Thumb Code     4  stm32f4xx_it.o(.text)
    SVC_Handler                              0x0800148b   Thumb Code     2  stm32f4xx_it.o(.text)
    DebugMon_Handler                         0x0800148d   Thumb Code     2  stm32f4xx_it.o(.text)
    PendSV_Handler                           0x0800148f   Thumb Code     2  stm32f4xx_it.o(.text)
    NVIC_PriorityGroupConfig                 0x08001491   Thumb Code    10  misc.o(.text)
    NVIC_Init                                0x0800149b   Thumb Code   106  misc.o(.text)
    NVIC_SetVectorTable                      0x08001505   Thumb Code    14  misc.o(.text)
    NVIC_SystemLPConfig                      0x08001513   Thumb Code    34  misc.o(.text)
    SysTick_CLKSourceConfig                  0x08001535   Thumb Code    40  misc.o(.text)
    CAN_DeInit                               0x08001571   Thumb Code    50  stm32f4xx_can.o(.text)
    CAN_Init                                 0x080015a3   Thumb Code   276  stm32f4xx_can.o(.text)
    CAN_FilterInit                           0x080016b7   Thumb Code   258  stm32f4xx_can.o(.text)
    CAN_StructInit                           0x080017b9   Thumb Code    32  stm32f4xx_can.o(.text)
    CAN_SlaveStartBank                       0x080017d9   Thumb Code    48  stm32f4xx_can.o(.text)
    CAN_DBGFreeze                            0x08001809   Thumb Code    22  stm32f4xx_can.o(.text)
    CAN_TTComModeCmd                         0x0800181f   Thumb Code   118  stm32f4xx_can.o(.text)
    CAN_Transmit                             0x08001895   Thumb Code   304  stm32f4xx_can.o(.text)
    CAN_TransmitStatus                       0x080019c5   Thumb Code   138  stm32f4xx_can.o(.text)
    CAN_CancelTransmit                       0x08001a4f   Thumb Code    48  stm32f4xx_can.o(.text)
    CAN_Receive                              0x08001a7f   Thumb Code   240  stm32f4xx_can.o(.text)
    CAN_FIFORelease                          0x08001b6f   Thumb Code    22  stm32f4xx_can.o(.text)
    CAN_MessagePending                       0x08001b85   Thumb Code    30  stm32f4xx_can.o(.text)
    CAN_OperatingModeRequest                 0x08001ba3   Thumb Code   162  stm32f4xx_can.o(.text)
    CAN_Sleep                                0x08001c45   Thumb Code    30  stm32f4xx_can.o(.text)
    CAN_WakeUp                               0x08001c63   Thumb Code    48  stm32f4xx_can.o(.text)
    CAN_GetLastErrorCode                     0x08001c93   Thumb Code    12  stm32f4xx_can.o(.text)
    CAN_GetReceiveErrorCounter               0x08001c9f   Thumb Code    10  stm32f4xx_can.o(.text)
    CAN_GetLSBTransmitErrorCounter           0x08001ca9   Thumb Code    12  stm32f4xx_can.o(.text)
    CAN_ITConfig                             0x08001cb5   Thumb Code    18  stm32f4xx_can.o(.text)
    CAN_GetFlagStatus                        0x08001cc7   Thumb Code   120  stm32f4xx_can.o(.text)
    CAN_ClearFlag                            0x08001d3f   Thumb Code    52  stm32f4xx_can.o(.text)
    CAN_GetITStatus                          0x08001d85   Thumb Code   310  stm32f4xx_can.o(.text)
    CAN_ClearITPendingBit                    0x08001ebb   Thumb Code   162  stm32f4xx_can.o(.text)
    DMA_DeInit                               0x08001f61   Thumb Code   324  stm32f4xx_dma.o(.text)
    DMA_Init                                 0x080020a5   Thumb Code    82  stm32f4xx_dma.o(.text)
    DMA_StructInit                           0x080020f7   Thumb Code    34  stm32f4xx_dma.o(.text)
    DMA_Cmd                                  0x08002119   Thumb Code    22  stm32f4xx_dma.o(.text)
    DMA_PeriphIncOffsetSizeConfig            0x0800212f   Thumb Code    22  stm32f4xx_dma.o(.text)
    DMA_FlowControllerConfig                 0x08002145   Thumb Code    22  stm32f4xx_dma.o(.text)
    DMA_SetCurrDataCounter                   0x0800215b   Thumb Code     4  stm32f4xx_dma.o(.text)
    DMA_GetCurrDataCounter                   0x0800215f   Thumb Code     8  stm32f4xx_dma.o(.text)
    DMA_DoubleBufferModeConfig               0x08002167   Thumb Code    24  stm32f4xx_dma.o(.text)
    DMA_DoubleBufferModeCmd                  0x0800217f   Thumb Code    22  stm32f4xx_dma.o(.text)
    DMA_MemoryTargetConfig                   0x08002195   Thumb Code    10  stm32f4xx_dma.o(.text)
    DMA_GetCurrentMemoryTarget               0x0800219f   Thumb Code    20  stm32f4xx_dma.o(.text)
    DMA_GetCmdStatus                         0x080021b3   Thumb Code    20  stm32f4xx_dma.o(.text)
    DMA_GetFIFOStatus                        0x080021c7   Thumb Code    12  stm32f4xx_dma.o(.text)
    DMA_GetFlagStatus                        0x080021d3   Thumb Code    56  stm32f4xx_dma.o(.text)
    DMA_ClearFlag                            0x0800220b   Thumb Code    40  stm32f4xx_dma.o(.text)
    DMA_ITConfig                             0x08002233   Thumb Code    58  stm32f4xx_dma.o(.text)
    DMA_GetITStatus                          0x0800226d   Thumb Code    84  stm32f4xx_dma.o(.text)
    DMA_ClearITPendingBit                    0x080022c1   Thumb Code    40  stm32f4xx_dma.o(.text)
    EXTI_DeInit                              0x08002309   Thumb Code    28  stm32f4xx_exti.o(.text)
    EXTI_Init                                0x08002325   Thumb Code   142  stm32f4xx_exti.o(.text)
    EXTI_StructInit                          0x080023b3   Thumb Code    16  stm32f4xx_exti.o(.text)
    EXTI_GenerateSWInterrupt                 0x080023c3   Thumb Code    16  stm32f4xx_exti.o(.text)
    EXTI_GetFlagStatus                       0x080023d3   Thumb Code    22  stm32f4xx_exti.o(.text)
    EXTI_ClearFlag                           0x080023e9   Thumb Code     8  stm32f4xx_exti.o(.text)
    EXTI_GetITStatus                         0x080023f1   Thumb Code    34  stm32f4xx_exti.o(.text)
    EXTI_ClearITPendingBit                   0x08002413   Thumb Code     8  stm32f4xx_exti.o(.text)
    FLASH_SetLatency                         0x08002425   Thumb Code     6  stm32f4xx_flash.o(.text)
    FLASH_PrefetchBufferCmd                  0x0800242b   Thumb Code    30  stm32f4xx_flash.o(.text)
    FLASH_InstructionCacheCmd                0x08002449   Thumb Code    30  stm32f4xx_flash.o(.text)
    FLASH_DataCacheCmd                       0x08002467   Thumb Code    30  stm32f4xx_flash.o(.text)
    FLASH_InstructionCacheReset              0x08002485   Thumb Code    14  stm32f4xx_flash.o(.text)
    FLASH_DataCacheReset                     0x08002493   Thumb Code    14  stm32f4xx_flash.o(.text)
    FLASH_Unlock                             0x080024a1   Thumb Code    26  stm32f4xx_flash.o(.text)
    FLASH_Lock                               0x080024bb   Thumb Code    18  stm32f4xx_flash.o(.text)
    FLASH_GetStatus                          0x080024cd   Thumb Code    74  stm32f4xx_flash.o(.text)
    FLASH_WaitForLastOperation               0x08002517   Thumb Code    34  stm32f4xx_flash.o(.text)
    FLASH_EraseSector                        0x08002539   Thumb Code   140  stm32f4xx_flash.o(.text)
    FLASH_EraseAllSectors                    0x080025c5   Thumb Code   112  stm32f4xx_flash.o(.text)
    FLASH_ProgramDoubleWord                  0x08002635   Thumb Code    86  stm32f4xx_flash.o(.text)
    FLASH_ProgramWord                        0x0800268b   Thumb Code    82  stm32f4xx_flash.o(.text)
    FLASH_ProgramHalfWord                    0x080026dd   Thumb Code    82  stm32f4xx_flash.o(.text)
    FLASH_ProgramByte                        0x0800272f   Thumb Code    78  stm32f4xx_flash.o(.text)
    FLASH_OB_Unlock                          0x0800277d   Thumb Code    26  stm32f4xx_flash.o(.text)
    FLASH_OB_Lock                            0x08002797   Thumb Code    18  stm32f4xx_flash.o(.text)
    FLASH_OB_WRPConfig                       0x080027a9   Thumb Code    54  stm32f4xx_flash.o(.text)
    FLASH_OB_RDPConfig                       0x080027df   Thumb Code    24  stm32f4xx_flash.o(.text)
    FLASH_OB_UserConfig                      0x080027f7   Thumb Code    68  stm32f4xx_flash.o(.text)
    FLASH_OB_BORConfig                       0x0800283b   Thumb Code    22  stm32f4xx_flash.o(.text)
    FLASH_OB_Launch                          0x08002851   Thumb Code    26  stm32f4xx_flash.o(.text)
    FLASH_OB_GetUser                         0x0800286b   Thumb Code    10  stm32f4xx_flash.o(.text)
    FLASH_OB_GetWRP                          0x08002875   Thumb Code     8  stm32f4xx_flash.o(.text)
    FLASH_OB_GetRDP                          0x0800287d   Thumb Code    20  stm32f4xx_flash.o(.text)
    FLASH_OB_GetBOR                          0x08002891   Thumb Code    10  stm32f4xx_flash.o(.text)
    FLASH_ITConfig                           0x0800289b   Thumb Code    34  stm32f4xx_flash.o(.text)
    FLASH_GetFlagStatus                      0x080028bd   Thumb Code    22  stm32f4xx_flash.o(.text)
    FLASH_ClearFlag                          0x080028d3   Thumb Code     8  stm32f4xx_flash.o(.text)
    GPIO_DeInit                              0x080028e1   Thumb Code   220  stm32f4xx_gpio.o(.text)
    GPIO_Init                                0x080029bd   Thumb Code   144  stm32f4xx_gpio.o(.text)
    GPIO_StructInit                          0x08002a4d   Thumb Code    18  stm32f4xx_gpio.o(.text)
    GPIO_PinLockConfig                       0x08002a5f   Thumb Code    34  stm32f4xx_gpio.o(.text)
    GPIO_ReadInputDataBit                    0x08002a81   Thumb Code    18  stm32f4xx_gpio.o(.text)
    GPIO_ReadInputData                       0x08002a93   Thumb Code     8  stm32f4xx_gpio.o(.text)
    GPIO_ReadOutputDataBit                   0x08002a9b   Thumb Code    18  stm32f4xx_gpio.o(.text)
    GPIO_ReadOutputData                      0x08002aad   Thumb Code     8  stm32f4xx_gpio.o(.text)
    GPIO_SetBits                             0x08002ab5   Thumb Code     4  stm32f4xx_gpio.o(.text)
    GPIO_ResetBits                           0x08002ab9   Thumb Code     4  stm32f4xx_gpio.o(.text)
    GPIO_WriteBit                            0x08002abd   Thumb Code    10  stm32f4xx_gpio.o(.text)
    GPIO_Write                               0x08002ac7   Thumb Code     4  stm32f4xx_gpio.o(.text)
    GPIO_ToggleBits                          0x08002acb   Thumb Code     8  stm32f4xx_gpio.o(.text)
    GPIO_PinAFConfig                         0x08002ad3   Thumb Code    70  stm32f4xx_gpio.o(.text)
    RCC_DeInit                               0x08002b3d   Thumb Code    60  stm32f4xx_rcc.o(.text)
    RCC_HSEConfig                            0x08002b79   Thumb Code    14  stm32f4xx_rcc.o(.text)
    RCC_GetFlagStatus                        0x08002b87   Thumb Code    60  stm32f4xx_rcc.o(.text)
    RCC_WaitForHSEStartUp                    0x08002bc3   Thumb Code    56  stm32f4xx_rcc.o(.text)
    RCC_AdjustHSICalibrationValue            0x08002bfb   Thumb Code    20  stm32f4xx_rcc.o(.text)
    RCC_HSICmd                               0x08002c0f   Thumb Code     6  stm32f4xx_rcc.o(.text)
    RCC_LSEConfig                            0x08002c15   Thumb Code    46  stm32f4xx_rcc.o(.text)
    RCC_LSICmd                               0x08002c43   Thumb Code     6  stm32f4xx_rcc.o(.text)
    RCC_PLLConfig                            0x08002c49   Thumb Code    32  stm32f4xx_rcc.o(.text)
    RCC_PLLCmd                               0x08002c69   Thumb Code     6  stm32f4xx_rcc.o(.text)
    RCC_PLLI2SConfig                         0x08002c6f   Thumb Code    14  stm32f4xx_rcc.o(.text)
    RCC_PLLI2SCmd                            0x08002c7d   Thumb Code     6  stm32f4xx_rcc.o(.text)
    RCC_ClockSecuritySystemCmd               0x08002c83   Thumb Code     6  stm32f4xx_rcc.o(.text)
    RCC_MCO1Config                           0x08002c89   Thumb Code    28  stm32f4xx_rcc.o(.text)
    RCC_MCO2Config                           0x08002ca5   Thumb Code    28  stm32f4xx_rcc.o(.text)
    RCC_SYSCLKConfig                         0x08002cc1   Thumb Code    20  stm32f4xx_rcc.o(.text)
    RCC_GetSYSCLKSource                      0x08002cd5   Thumb Code    12  stm32f4xx_rcc.o(.text)
    RCC_HCLKConfig                           0x08002ce1   Thumb Code    20  stm32f4xx_rcc.o(.text)
    RCC_PCLK1Config                          0x08002cf5   Thumb Code    20  stm32f4xx_rcc.o(.text)
    RCC_PCLK2Config                          0x08002d09   Thumb Code    22  stm32f4xx_rcc.o(.text)
    RCC_GetClocksFreq                        0x08002d1f   Thumb Code   222  stm32f4xx_rcc.o(.text)
    RCC_RTCCLKConfig                         0x08002dfd   Thumb Code    54  stm32f4xx_rcc.o(.text)
    RCC_RTCCLKCmd                            0x08002e33   Thumb Code     8  stm32f4xx_rcc.o(.text)
    RCC_BackupResetCmd                       0x08002e3b   Thumb Code     8  stm32f4xx_rcc.o(.text)
    RCC_I2SCLKConfig                         0x08002e43   Thumb Code     6  stm32f4xx_rcc.o(.text)
    RCC_AHB1PeriphClockCmd                   0x08002e49   Thumb Code    34  stm32f4xx_rcc.o(.text)
    RCC_AHB2PeriphClockCmd                   0x08002e6b   Thumb Code    34  stm32f4xx_rcc.o(.text)
    RCC_AHB3PeriphClockCmd                   0x08002e8d   Thumb Code    34  stm32f4xx_rcc.o(.text)
    RCC_APB1PeriphClockCmd                   0x08002eaf   Thumb Code    34  stm32f4xx_rcc.o(.text)
    RCC_APB2PeriphClockCmd                   0x08002ed1   Thumb Code    34  stm32f4xx_rcc.o(.text)
    RCC_AHB1PeriphResetCmd                   0x08002ef3   Thumb Code    34  stm32f4xx_rcc.o(.text)
    RCC_AHB2PeriphResetCmd                   0x08002f15   Thumb Code    72  stm32f4xx_rcc.o(.text)
    RCC_AHB3PeriphResetCmd                   0x08002f5d   Thumb Code    34  stm32f4xx_rcc.o(.text)
    RCC_APB1PeriphResetCmd                   0x08002f7f   Thumb Code    34  stm32f4xx_rcc.o(.text)
    RCC_APB2PeriphResetCmd                   0x08002fa1   Thumb Code    34  stm32f4xx_rcc.o(.text)
    RCC_AHB1PeriphClockLPModeCmd             0x08002fc3   Thumb Code    34  stm32f4xx_rcc.o(.text)
    RCC_AHB2PeriphClockLPModeCmd             0x08002fe5   Thumb Code    34  stm32f4xx_rcc.o(.text)
    RCC_AHB3PeriphClockLPModeCmd             0x08003007   Thumb Code    34  stm32f4xx_rcc.o(.text)
    RCC_APB1PeriphClockLPModeCmd             0x08003029   Thumb Code    34  stm32f4xx_rcc.o(.text)
    RCC_APB2PeriphClockLPModeCmd             0x0800304b   Thumb Code    34  stm32f4xx_rcc.o(.text)
    RCC_ITConfig                             0x0800306d   Thumb Code    34  stm32f4xx_rcc.o(.text)
    RCC_ClearFlag                            0x0800308f   Thumb Code    18  stm32f4xx_rcc.o(.text)
    RCC_GetITStatus                          0x080030a1   Thumb Code    22  stm32f4xx_rcc.o(.text)
    RCC_ClearITPendingBit                    0x080030b7   Thumb Code     8  stm32f4xx_rcc.o(.text)
    SYSCFG_DeInit                            0x080030c5   Thumb Code    22  stm32f4xx_syscfg.o(.text)
    SYSCFG_MemoryRemapConfig                 0x080030db   Thumb Code     6  stm32f4xx_syscfg.o(.text)
    SYSCFG_EXTILineConfig                    0x080030e1   Thumb Code    66  stm32f4xx_syscfg.o(.text)
    SYSCFG_ETH_MediaInterfaceConfig          0x08003123   Thumb Code     6  stm32f4xx_syscfg.o(.text)
    SYSCFG_CompensationCellCmd               0x08003129   Thumb Code     6  stm32f4xx_syscfg.o(.text)
    SYSCFG_GetCompensationCellStatus         0x0800312f   Thumb Code    22  stm32f4xx_syscfg.o(.text)
    TIM_DeInit                               0x08003151   Thumb Code   346  stm32f4xx_tim.o(.text)
    TIM_TimeBaseInit                         0x080032ab   Thumb Code   104  stm32f4xx_tim.o(.text)
    TIM_TimeBaseStructInit                   0x08003313   Thumb Code    18  stm32f4xx_tim.o(.text)
    TIM_PrescalerConfig                      0x08003325   Thumb Code     6  stm32f4xx_tim.o(.text)
    TIM_CounterModeConfig                    0x0800332b   Thumb Code    18  stm32f4xx_tim.o(.text)
    TIM_SetCounter                           0x0800333d   Thumb Code     4  stm32f4xx_tim.o(.text)
    TIM_SetAutoreload                        0x08003341   Thumb Code     4  stm32f4xx_tim.o(.text)
    TIM_GetCounter                           0x08003345   Thumb Code     6  stm32f4xx_tim.o(.text)
    TIM_GetPrescaler                         0x0800334b   Thumb Code     6  stm32f4xx_tim.o(.text)
    TIM_UpdateDisableConfig                  0x08003351   Thumb Code    24  stm32f4xx_tim.o(.text)
    TIM_UpdateRequestConfig                  0x08003369   Thumb Code    24  stm32f4xx_tim.o(.text)
    TIM_ARRPreloadConfig                     0x08003381   Thumb Code    24  stm32f4xx_tim.o(.text)
    TIM_SelectOnePulseMode                   0x08003399   Thumb Code    18  stm32f4xx_tim.o(.text)
    TIM_SetClockDivision                     0x080033ab   Thumb Code    18  stm32f4xx_tim.o(.text)
    TIM_Cmd                                  0x080033bd   Thumb Code    24  stm32f4xx_tim.o(.text)
    TIM_OC1Init                              0x080033d5   Thumb Code   114  stm32f4xx_tim.o(.text)
    TIM_OC2Init                              0x08003447   Thumb Code   154  stm32f4xx_tim.o(.text)
    TIM_OC3Init                              0x080034e1   Thumb Code   204  stm32f4xx_tim.o(.text)
    TIM_OC4Init                              0x080035ad   Thumb Code   112  stm32f4xx_tim.o(.text)
    TIM_OCStructInit                         0x0800361d   Thumb Code    20  stm32f4xx_tim.o(.text)
    TIM_SelectOCxM                           0x08003631   Thumb Code    86  stm32f4xx_tim.o(.text)
    TIM_SetCompare1                          0x08003687   Thumb Code     4  stm32f4xx_tim.o(.text)
    TIM_SetCompare2                          0x0800368b   Thumb Code     4  stm32f4xx_tim.o(.text)
    TIM_SetCompare3                          0x0800368f   Thumb Code     4  stm32f4xx_tim.o(.text)
    TIM_SetCompare4                          0x08003693   Thumb Code     4  stm32f4xx_tim.o(.text)
    TIM_ForcedOC1Config                      0x08003697   Thumb Code    18  stm32f4xx_tim.o(.text)
    TIM_ForcedOC2Config                      0x080036a9   Thumb Code    26  stm32f4xx_tim.o(.text)
    TIM_ForcedOC3Config                      0x080036c3   Thumb Code    18  stm32f4xx_tim.o(.text)
    TIM_ForcedOC4Config                      0x080036d5   Thumb Code    26  stm32f4xx_tim.o(.text)
    TIM_OC1PreloadConfig                     0x080036ef   Thumb Code    18  stm32f4xx_tim.o(.text)
    TIM_OC2PreloadConfig                     0x08003701   Thumb Code    26  stm32f4xx_tim.o(.text)
    TIM_OC3PreloadConfig                     0x0800371b   Thumb Code    18  stm32f4xx_tim.o(.text)
    TIM_OC4PreloadConfig                     0x0800372d   Thumb Code    26  stm32f4xx_tim.o(.text)
    TIM_OC1FastConfig                        0x08003747   Thumb Code    18  stm32f4xx_tim.o(.text)
    TIM_OC2FastConfig                        0x08003759   Thumb Code    26  stm32f4xx_tim.o(.text)
    TIM_OC3FastConfig                        0x08003773   Thumb Code    18  stm32f4xx_tim.o(.text)
    TIM_OC4FastConfig                        0x08003785   Thumb Code    26  stm32f4xx_tim.o(.text)
    TIM_ClearOC1Ref                          0x0800379f   Thumb Code    18  stm32f4xx_tim.o(.text)
    TIM_ClearOC2Ref                          0x080037b1   Thumb Code    24  stm32f4xx_tim.o(.text)
    TIM_ClearOC3Ref                          0x080037c9   Thumb Code    18  stm32f4xx_tim.o(.text)
    TIM_ClearOC4Ref                          0x080037db   Thumb Code    24  stm32f4xx_tim.o(.text)
    TIM_OC1PolarityConfig                    0x080037f3   Thumb Code    18  stm32f4xx_tim.o(.text)
    TIM_OC1NPolarityConfig                   0x08003805   Thumb Code    18  stm32f4xx_tim.o(.text)
    TIM_OC2PolarityConfig                    0x08003817   Thumb Code    26  stm32f4xx_tim.o(.text)
    TIM_OC2NPolarityConfig                   0x08003831   Thumb Code    26  stm32f4xx_tim.o(.text)
    TIM_OC3PolarityConfig                    0x0800384b   Thumb Code    26  stm32f4xx_tim.o(.text)
    TIM_OC3NPolarityConfig                   0x08003865   Thumb Code    26  stm32f4xx_tim.o(.text)
    TIM_OC4PolarityConfig                    0x0800387f   Thumb Code    26  stm32f4xx_tim.o(.text)
    TIM_CCxCmd                               0x08003899   Thumb Code    30  stm32f4xx_tim.o(.text)
    TIM_CCxNCmd                              0x080038b7   Thumb Code    30  stm32f4xx_tim.o(.text)
    TIM_SetIC4Prescaler                      0x080038d5   Thumb Code    26  stm32f4xx_tim.o(.text)
    TIM_SetIC3Prescaler                      0x0800393f   Thumb Code    18  stm32f4xx_tim.o(.text)
    TIM_SetIC2Prescaler                      0x08003999   Thumb Code    26  stm32f4xx_tim.o(.text)
    TIM_SetIC1Prescaler                      0x08003a0d   Thumb Code    18  stm32f4xx_tim.o(.text)
    TIM_ICInit                               0x08003a59   Thumb Code   110  stm32f4xx_tim.o(.text)
    TIM_ICStructInit                         0x08003ac7   Thumb Code    18  stm32f4xx_tim.o(.text)
    TIM_PWMIConfig                           0x08003ad9   Thumb Code   124  stm32f4xx_tim.o(.text)
    TIM_GetCapture1                          0x08003b55   Thumb Code     6  stm32f4xx_tim.o(.text)
    TIM_GetCapture2                          0x08003b5b   Thumb Code     6  stm32f4xx_tim.o(.text)
    TIM_GetCapture3                          0x08003b61   Thumb Code     6  stm32f4xx_tim.o(.text)
    TIM_GetCapture4                          0x08003b67   Thumb Code     6  stm32f4xx_tim.o(.text)
    TIM_BDTRConfig                           0x08003b6d   Thumb Code    32  stm32f4xx_tim.o(.text)
    TIM_BDTRStructInit                       0x08003b8d   Thumb Code    18  stm32f4xx_tim.o(.text)
    TIM_CtrlPWMOutputs                       0x08003b9f   Thumb Code    30  stm32f4xx_tim.o(.text)
    TIM_SelectCOM                            0x08003bbd   Thumb Code    24  stm32f4xx_tim.o(.text)
    TIM_CCPreloadControl                     0x08003bd5   Thumb Code    24  stm32f4xx_tim.o(.text)
    TIM_ITConfig                             0x08003bed   Thumb Code    18  stm32f4xx_tim.o(.text)
    TIM_GenerateEvent                        0x08003bff   Thumb Code     4  stm32f4xx_tim.o(.text)
    TIM_GetFlagStatus                        0x08003c03   Thumb Code    18  stm32f4xx_tim.o(.text)
    TIM_ClearFlag                            0x08003c15   Thumb Code     6  stm32f4xx_tim.o(.text)
    TIM_GetITStatus                          0x08003c1b   Thumb Code    34  stm32f4xx_tim.o(.text)
    TIM_ClearITPendingBit                    0x08003c3d   Thumb Code     6  stm32f4xx_tim.o(.text)
    TIM_DMAConfig                            0x08003c43   Thumb Code    10  stm32f4xx_tim.o(.text)
    TIM_DMACmd                               0x08003c4d   Thumb Code    18  stm32f4xx_tim.o(.text)
    TIM_SelectCCDMA                          0x08003c5f   Thumb Code    24  stm32f4xx_tim.o(.text)
    TIM_InternalClockConfig                  0x08003c77   Thumb Code    12  stm32f4xx_tim.o(.text)
    TIM_SelectInputTrigger                   0x08003c83   Thumb Code    18  stm32f4xx_tim.o(.text)
    TIM_ITRxExternalClockConfig              0x08003c95   Thumb Code    24  stm32f4xx_tim.o(.text)
    TIM_TIxExternalClockConfig               0x08003cad   Thumb Code    62  stm32f4xx_tim.o(.text)
    TIM_ETRConfig                            0x08003ceb   Thumb Code    28  stm32f4xx_tim.o(.text)
    TIM_ETRClockMode1Config                  0x08003d07   Thumb Code    54  stm32f4xx_tim.o(.text)
    TIM_ETRClockMode2Config                  0x08003d3d   Thumb Code    32  stm32f4xx_tim.o(.text)
    TIM_SelectOutputTrigger                  0x08003d5d   Thumb Code    18  stm32f4xx_tim.o(.text)
    TIM_SelectSlaveMode                      0x08003d6f   Thumb Code    18  stm32f4xx_tim.o(.text)
    TIM_SelectMasterSlaveMode                0x08003d81   Thumb Code    18  stm32f4xx_tim.o(.text)
    TIM_EncoderInterfaceConfig               0x08003d93   Thumb Code    66  stm32f4xx_tim.o(.text)
    TIM_SelectHallSensor                     0x08003dd5   Thumb Code    24  stm32f4xx_tim.o(.text)
    TIM_RemapConfig                          0x08003ded   Thumb Code     6  stm32f4xx_tim.o(.text)
    USART_DeInit                             0x08003df5   Thumb Code   156  stm32f4xx_usart.o(.text)
    USART_Init                               0x08003e91   Thumb Code   204  stm32f4xx_usart.o(.text)
    USART_StructInit                         0x08003f5d   Thumb Code    24  stm32f4xx_usart.o(.text)
    USART_ClockInit                          0x08003f75   Thumb Code    32  stm32f4xx_usart.o(.text)
    USART_ClockStructInit                    0x08003f95   Thumb Code    12  stm32f4xx_usart.o(.text)
    USART_Cmd                                0x08003fa1   Thumb Code    24  stm32f4xx_usart.o(.text)
    USART_SetPrescaler                       0x08003fb9   Thumb Code    16  stm32f4xx_usart.o(.text)
    USART_OverSampling8Cmd                   0x08003fc9   Thumb Code    22  stm32f4xx_usart.o(.text)
    USART_OneBitMethodCmd                    0x08003fdf   Thumb Code    24  stm32f4xx_usart.o(.text)
    USART_SendData                           0x08003ff7   Thumb Code     8  stm32f4xx_usart.o(.text)
    USART_ReceiveData                        0x08003fff   Thumb Code    10  stm32f4xx_usart.o(.text)
    USART_SetAddress                         0x08004009   Thumb Code    18  stm32f4xx_usart.o(.text)
    USART_ReceiverWakeUpCmd                  0x0800401b   Thumb Code    24  stm32f4xx_usart.o(.text)
    USART_WakeUpConfig                       0x08004033   Thumb Code    18  stm32f4xx_usart.o(.text)
    USART_LINBreakDetectLengthConfig         0x08004045   Thumb Code    18  stm32f4xx_usart.o(.text)
    USART_LINCmd                             0x08004057   Thumb Code    24  stm32f4xx_usart.o(.text)
    USART_SendBreak                          0x0800406f   Thumb Code    10  stm32f4xx_usart.o(.text)
    USART_HalfDuplexCmd                      0x08004079   Thumb Code    24  stm32f4xx_usart.o(.text)
    USART_SetGuardTime                       0x08004091   Thumb Code    16  stm32f4xx_usart.o(.text)
    USART_SmartCardCmd                       0x080040a1   Thumb Code    24  stm32f4xx_usart.o(.text)
    USART_SmartCardNACKCmd                   0x080040b9   Thumb Code    24  stm32f4xx_usart.o(.text)
    USART_IrDAConfig                         0x080040d1   Thumb Code    18  stm32f4xx_usart.o(.text)
    USART_IrDACmd                            0x080040e3   Thumb Code    24  stm32f4xx_usart.o(.text)
    USART_DMACmd                             0x080040fb   Thumb Code    18  stm32f4xx_usart.o(.text)
    USART_ITConfig                           0x0800410d   Thumb Code    74  stm32f4xx_usart.o(.text)
    USART_GetFlagStatus                      0x08004157   Thumb Code    26  stm32f4xx_usart.o(.text)
    USART_ClearFlag                          0x08004171   Thumb Code    18  stm32f4xx_usart.o(.text)
    USART_GetITStatus                        0x08004183   Thumb Code   110  stm32f4xx_usart.o(.text)
    USART_ClearITPendingBit                  0x080041f1   Thumb Code    30  stm32f4xx_usart.o(.text)
    SystemInit                               0x080042ed   Thumb Code    88  system_stm32f4xx.o(.text)
    SystemCoreClockUpdate                    0x08004345   Thumb Code   174  system_stm32f4xx.o(.text)
    invSqrt                                  0x08004421   Thumb Code    56  imu.o(.text)
    Init_Quaternion                          0x08004459   Thumb Code   664  imu.o(.text)
    IMU_getValues                            0x080046f1   Thumb Code   196  imu.o(.text)
    IMU_AHRSupdate                           0x080047b5   Thumb Code  2034  imu.o(.text)
    IMU_getQ                                 0x08004fa7   Thumb Code    56  imu.o(.text)
    IMU_getYawPitchRoll                      0x08004fdf   Thumb Code   648  imu.o(.text)
    GetPitchYawGxGyGz                        0x08005267   Thumb Code   204  imu.o(.text)
    IIC_Delay                                0x08005365   Thumb Code    26  mpu6050_i2c.o(.text)
    HEAT_Configuration                       0x0800537f   Thumb Code    50  mpu6050_i2c.o(.text)
    IIC_GPIO_Init                            0x080053b1   Thumb Code    42  mpu6050_i2c.o(.text)
    IIC_SDA_Out                              0x080053db   Thumb Code    34  mpu6050_i2c.o(.text)
    IIC_SDA_In                               0x080053fd   Thumb Code    38  mpu6050_i2c.o(.text)
    IIC_Start                                0x08005423   Thumb Code    60  mpu6050_i2c.o(.text)
    IIC_Stop                                 0x0800545f   Thumb Code    60  mpu6050_i2c.o(.text)
    IIC_Ack                                  0x0800549b   Thumb Code    66  mpu6050_i2c.o(.text)
    IIC_WaitAck                              0x080054dd   Thumb Code    94  mpu6050_i2c.o(.text)
    IIC_WriteBit                             0x0800553b   Thumb Code    96  mpu6050_i2c.o(.text)
    IIC_ReadBit                              0x0800559b   Thumb Code    86  mpu6050_i2c.o(.text)
    IIC_WriteData                            0x080055f1   Thumb Code    92  mpu6050_i2c.o(.text)
    IIC_ReadData                             0x0800564d   Thumb Code   146  mpu6050_i2c.o(.text)
    MPU6050_ReadData                         0x08005739   Thumb Code    44  mpu6050_driver.o(.text)
    HMC5883_Init                             0x08005765   Thumb Code   116  mpu6050_driver.o(.text)
    MPU6050_Init                             0x080057d9   Thumb Code   254  mpu6050_driver.o(.text)
    MPU6050_EnableInt                        0x080058d7   Thumb Code    66  mpu6050_driver.o(.text)
    MPU6050_Initialize                       0x08005919   Thumb Code    20  mpu6050_driver.o(.text)
    MPU6050_DataSave                         0x0800592d   Thumb Code   494  mpu6050_driver.o(.text)
    HMC58X3_ReadData                         0x08005b1b   Thumb Code    18  mpu6050_driver.o(.text)
    MPU6050_getMotion6                       0x08005b2d   Thumb Code   606  mpu6050_driver.o(.text)
    MPU6050_getlastMotion6                   0x08005d8b   Thumb Code    76  mpu6050_driver.o(.text)
    HMC58X3_newValues                        0x08005dd7   Thumb Code   334  mpu6050_driver.o(.text)
    HMC58X3_getRaw                           0x08005f25   Thumb Code   100  mpu6050_driver.o(.text)
    HMC58X3_getlastValues                    0x08005f89   Thumb Code    22  mpu6050_driver.o(.text)
    HMC58X3_mgetValues                       0x08005f9f   Thumb Code   210  mpu6050_driver.o(.text)
    MPU6050_IntConfiguration                 0x08006071   Thumb Code   124  mpu6050_interrupt.o(.text)
    EXTI4_IRQHandler                         0x080060ed   Thumb Code    34  mpu6050_interrupt.o(.text)
    Is_AppParam_Calied                       0x08006119   Thumb Code     6  iotask.o(.text)
    AppParamInit                             0x08006133   Thumb Code   276  iotask.o(.text)
    SetGimbalCaliData                        0x08006247   Thumb Code    24  iotask.o(.text)
    SetGyroCaliData                          0x0800625f   Thumb Code    28  iotask.o(.text)
    SetAccCaliData                           0x0800627b   Thumb Code    24  iotask.o(.text)
    SetMagCaliData                           0x08006293   Thumb Code    24  iotask.o(.text)
    SetPIDCaliData                           0x080062ab   Thumb Code   280  iotask.o(.text)
    GetGimbalCaliData                        0x080063c3   Thumb Code    16  iotask.o(.text)
    GetGyroCaliData                          0x080063d3   Thumb Code    20  iotask.o(.text)
    GetAccCaliData                           0x080063e7   Thumb Code    20  iotask.o(.text)
    GetMagCaliData                           0x080063fb   Thumb Code    20  iotask.o(.text)
    IsGimbalCalied                           0x0800640f   Thumb Code    16  iotask.o(.text)
    IsGyroCalied                             0x0800641f   Thumb Code    16  iotask.o(.text)
    IsAccCalied                              0x0800642f   Thumb Code    18  iotask.o(.text)
    IsMagCalied                              0x08006441   Thumb Code    18  iotask.o(.text)
    SetCaliCmdFlag                           0x08006453   Thumb Code    12  iotask.o(.text)
    ResetCaliCmdFlag                         0x0800645f   Thumb Code    12  iotask.o(.text)
    GetCaliCmdFlagGrp                        0x0800646b   Thumb Code     6  iotask.o(.text)
    IsCaliCmdFlagSet                         0x08006471   Thumb Code    18  iotask.o(.text)
    Sensor_Offset_Param_Init                 0x08006483   Thumb Code   112  iotask.o(.text)
    MagEndCaliProcess                        0x080064f3   Thumb Code   190  iotask.o(.text)
    MagStartCaliProcess                      0x080065b1   Thumb Code    26  iotask.o(.text)
    GimbalCaliProcess                        0x080065cb   Thumb Code   134  iotask.o(.text)
    GyroCaliProcess                          0x08006651   Thumb Code   202  iotask.o(.text)
    CalibrateLoop                            0x0800671b   Thumb Code   234  iotask.o(.text)
    PIDCaliProcess                           0x08006805   Thumb Code    22  iotask.o(.text)
    UploadParameter                          0x0800681b   Thumb Code   616  iotask.o(.text)
    GetWorkState                             0x08006abb   Thumb Code     6  controltask.o(.text)
    CMControlLoop                            0x08006ac1   Thumb Code   904  controltask.o(.text)
    ShooterMControlLoop                      0x08006e49   Thumb Code   168  controltask.o(.text)
    SetGimbalMotorOutput                     0x08006ef1   Thumb Code    56  controltask.o(.text)
    GMYawControlLoop                         0x08006f29   Thumb Code   224  controltask.o(.text)
    GMPitchControlLoop                       0x08007009   Thumb Code   168  controltask.o(.text)
    GimbalYawControlModeSwitch               0x080070b1   Thumb Code   100  controltask.o(.text)
    ControtLoopTaskInit                      0x08007115   Thumb Code   136  controltask.o(.text)
    WorkStateFSM                             0x080071bb   Thumb Code   204  controltask.o(.text)
    Control_Task                             0x08007287   Thumb Code    86  controltask.o(.text)
    GetRemoteSwitchAction                    0x0800736d   Thumb Code   120  remotetask.o(.text)
    IsRemoteBeingAction                      0x080073e5   Thumb Code   238  remotetask.o(.text)
    SetInputMode                             0x080074d3   Thumb Code    36  remotetask.o(.text)
    GetInputMode                             0x080074f7   Thumb Code     6  remotetask.o(.text)
    SetShootState                            0x080074fd   Thumb Code     6  remotetask.o(.text)
    RemoteShootControl                       0x08007503   Thumb Code   206  remotetask.o(.text)
    MouseShootControl                        0x080075d1   Thumb Code   344  remotetask.o(.text)
    GimbalAngleLimit                         0x08007729   Thumb Code    60  remotetask.o(.text)
    MouseKeyControlProcess                   0x08007765   Thumb Code   660  remotetask.o(.text)
    RemoteControlProcess                     0x080079f9   Thumb Code   298  remotetask.o(.text)
    RemoteDataPrcess                         0x08007b23   Thumb Code   314  remotetask.o(.text)
    GetShootState                            0x08007c5d   Thumb Code     6  remotetask.o(.text)
    GetFrictionState                         0x08007c63   Thumb Code     6  remotetask.o(.text)
    SetFrictionState                         0x08007c69   Thumb Code     6  remotetask.o(.text)
    RemoteTaskInit                           0x08007c6f   Thumb Code    78  remotetask.o(.text)
    GetEncoderBias                           0x08007ce5   Thumb Code    26  canbustask.o(.text)
    EncoderProcess                           0x08007cff   Thumb Code   202  canbustask.o(.text)
    CanReceiveMsgProcess                     0x08007dc9   Thumb Code   454  canbustask.o(.text)
    Set_CM_Speed                             0x08007f8f   Thumb Code    92  canbustask.o(.text)
    Set_Gimbal_Current                       0x08007feb   Thumb Code    82  canbustask.o(.text)
    LED_TOGGLE                               0x08008071   Thumb Code   214  supervisetask.o(.text)
    Get_Lost_Error                           0x08008147   Thumb Code    10  supervisetask.o(.text)
    SuperviseTask                            0x08008151   Thumb Code   412  supervisetask.o(.text)
    Set_Error_Flag                           0x080082ed   Thumb Code     2  supervisetask.o(.text)
    GetLostCounter                           0x080082ef   Thumb Code    18  supervisetask.o(.text)
    Is_Lost_Error_Set                        0x08008301   Thumb Code    22  supervisetask.o(.text)
    Is_Serious_Error                         0x08008317   Thumb Code    46  supervisetask.o(.text)
    FrameUnpack                              0x080083e1   Thumb Code   234  protocal_parser.o(.text)
    FramePack                                0x080084cb   Thumb Code    50  protocal_parser.o(.text)
    SetFrameLength                           0x080084fd   Thumb Code    10  protocal_parser.o(.text)
    SetFrameCmd                              0x08008507   Thumb Code    10  protocal_parser.o(.text)
    GetFrameCmd                              0x08008511   Thumb Code     6  protocal_parser.o(.text)
    GetFrameDataAddress                      0x08008517   Thumb Code     6  protocal_parser.o(.text)
    Version_Send                             0x0800851d   Thumb Code    94  protocal_parser.o(.text)
    IMU_Info_Send                            0x0800857b   Thumb Code   122  protocal_parser.o(.text)
    Sensor_Info_Send                         0x080085f5   Thumb Code   140  protocal_parser.o(.text)
    Mag_Cali_Info_Send                       0x08008681   Thumb Code   122  protocal_parser.o(.text)
    Offset_Info_Send                         0x080086fb   Thumb Code   174  protocal_parser.o(.text)
    Cali_Feedback_Info_Send                  0x080087a9   Thumb Code    88  protocal_parser.o(.text)
    Robot_Error_Code_Send                    0x08008801   Thumb Code     2  protocal_parser.o(.text)
    PID_Paremeter_Send                       0x08008803   Thumb Code   270  protocal_parser.o(.text)
    FIFO_Init                                0x08008911   Thumb Code    78  fifo.o(.text)
    FIFO_Create                              0x0800895f   Thumb Code    80  fifo.o(.text)
    FIFO_Destory                             0x080089af   Thumb Code    40  fifo.o(.text)
    FIFO_S_Init                              0x080089d7   Thumb Code    62  fifo.o(.text)
    FIFO_S_Create                            0x08008a15   Thumb Code    60  fifo.o(.text)
    FIFO_S_Destory                           0x08008a51   Thumb Code    40  fifo.o(.text)
    FIFO_Put                                 0x08008a79   Thumb Code   106  fifo.o(.text)
    FIFO_S_Put                               0x08008ae3   Thumb Code    68  fifo.o(.text)
    FIFO_S_Puts                              0x08008b27   Thumb Code    98  fifo.o(.text)
    FIFO_Get                                 0x08008b89   Thumb Code   106  fifo.o(.text)
    FIFO_S_Get                               0x08008bf3   Thumb Code    58  fifo.o(.text)
    FIFO_GetHead                             0x08008c2d   Thumb Code   162  fifo.o(.text)
    FIFO_S_GetHead                           0x08008ccf   Thumb Code    76  fifo.o(.text)
    FIFO_PreRead                             0x08008d1b   Thumb Code   108  fifo.o(.text)
    FIFO_S_PreRead                           0x08008d87   Thumb Code    48  fifo.o(.text)
    FIFO_IsEmpty                             0x08008db7   Thumb Code    24  fifo.o(.text)
    FIFO_S_IsEmpty                           0x08008dcf   Thumb Code    24  fifo.o(.text)
    FIFO_IsFull                              0x08008de7   Thumb Code    24  fifo.o(.text)
    FIFO_S_IsFull                            0x08008dff   Thumb Code    24  fifo.o(.text)
    FIFO_CountUsed                           0x08008e17   Thumb Code    16  fifo.o(.text)
    FIFO_S_CountUsed                         0x08008e27   Thumb Code    16  fifo.o(.text)
    FIFO_CountFree                           0x08008e37   Thumb Code    16  fifo.o(.text)
    FIFO_S_CountFree                         0x08008e47   Thumb Code    16  fifo.o(.text)
    FIFO_Flush                               0x08008e57   Thumb Code    50  fifo.o(.text)
    FIFO_S_Flush                             0x08008e89   Thumb Code    44  fifo.o(.text)
    RampInit                                 0x08008eb5   Thumb Code     8  ramp.o(.text)
    RampCalc                                 0x08008ebd   Thumb Code    66  ramp.o(.text)
    RampSetCounter                           0x08008eff   Thumb Code     4  ramp.o(.text)
    RampResetCounter                         0x08008f03   Thumb Code     6  ramp.o(.text)
    RampSetScale                             0x08008f09   Thumb Code     4  ramp.o(.text)
    RampIsOverflow                           0x08008f0d   Thumb Code    18  ramp.o(.text)
    LostCounterFeed                          0x08008f25   Thumb Code     8  lostcounter.o(.text)
    LostCounterCount                         0x08008f2d   Thumb Code    10  lostcounter.o(.text)
    LostCounterOverflowCheck                 0x08008f37   Thumb Code    14  lostcounter.o(.text)
    PID_Reset                                0x08008f45   Thumb Code    50  pid_regulator.o(.text)
    PID_Calc                                 0x08008f77   Thumb Code   234  pid_regulator.o(.text)
    Get_CRC8_Check_Sum                       0x08009065   Thumb Code    30  mf_crc8.o(.text)
    Verify_CRC8_Check_Sum                    0x08009083   Thumb Code    46  mf_crc8.o(.text)
    Append_CRC8_Check_Sum                    0x080090b1   Thumb Code    36  mf_crc8.o(.text)
    Get_CRC16_Check_Sum                      0x080090d9   Thumb Code    46  mf_crc16.o(.text)
    Verify_CRC16_Check_Sum                   0x08009107   Thumb Code    60  mf_crc16.o(.text)
    Append_CRC16_Check_Sum                   0x08009143   Thumb Code    44  mf_crc16.o(.text)
    __aeabi_memcpy                           0x08009179   Thumb Code    36  memcpya.o(.text)
    __aeabi_memcpy4                          0x08009179   Thumb Code     0  memcpya.o(.text)
    __aeabi_memcpy8                          0x08009179   Thumb Code     0  memcpya.o(.text)
    __aeabi_memset                           0x0800919d   Thumb Code    14  memseta.o(.text)
    __aeabi_memset4                          0x0800919d   Thumb Code     0  memseta.o(.text)
    __aeabi_memset8                          0x0800919d   Thumb Code     0  memseta.o(.text)
    __aeabi_memclr                           0x080091ab   Thumb Code     4  memseta.o(.text)
    __aeabi_memclr4                          0x080091ab   Thumb Code     0  memseta.o(.text)
    __aeabi_memclr8                          0x080091ab   Thumb Code     0  memseta.o(.text)
    _memset$wrapper                          0x080091af   Thumb Code    18  memseta.o(.text)
    __aeabi_dadd                             0x080091c1   Thumb Code   322  dadd.o(.text)
    __aeabi_dsub                             0x08009303   Thumb Code     6  dadd.o(.text)
    __aeabi_drsub                            0x08009309   Thumb Code     6  dadd.o(.text)
    __aeabi_dmul                             0x0800930f   Thumb Code   228  dmul.o(.text)
    __aeabi_ddiv                             0x080093f3   Thumb Code   222  ddiv.o(.text)
    __aeabi_i2d                              0x080094d1   Thumb Code    34  dflti.o(.text)
    __aeabi_ui2d                             0x080094f3   Thumb Code    26  dfltui.o(.text)
    __aeabi_d2iz                             0x0800950d   Thumb Code    62  dfixi.o(.text)
    __aeabi_d2uiz                            0x0800954b   Thumb Code    50  dfixui.o(.text)
    __aeabi_f2d                              0x0800957d   Thumb Code    38  f2d.o(.text)
    __aeabi_cdcmpeq                          0x080095a5   Thumb Code     0  cdcmple.o(.text)
    __aeabi_cdcmple                          0x080095a5   Thumb Code    38  cdcmple.o(.text)
    __aeabi_cdrcmple                         0x080095cd   Thumb Code    38  cdrcmple.o(.text)
    __aeabi_d2f                              0x080095f5   Thumb Code    56  d2f.o(.text)
    __aeabi_llsl                             0x0800962d   Thumb Code    30  llshl.o(.text)
    _ll_shift_l                              0x0800962d   Thumb Code     0  llshl.o(.text)
    __aeabi_llsr                             0x0800964b   Thumb Code    32  llushr.o(.text)
    _ll_ushift_r                             0x0800964b   Thumb Code     0  llushr.o(.text)
    __aeabi_lasr                             0x0800966b   Thumb Code    36  llsshr.o(.text)
    _ll_sshift_r                             0x0800966b   Thumb Code     0  llsshr.o(.text)
    __I$use$fp                               0x0800968f   Thumb Code     0  iusefp.o(.text)
    _float_round                             0x0800968f   Thumb Code    18  fepilogue.o(.text)
    _float_epilogue                          0x080096a1   Thumb Code    92  fepilogue.o(.text)
    _double_round                            0x080096fd   Thumb Code    26  depilogue.o(.text)
    _double_epilogue                         0x08009717   Thumb Code   156  depilogue.o(.text)
    _dsqrt                                   0x080097b3   Thumb Code   162  dsqrt.o(.text)
    __scatterload                            0x08009855   Thumb Code    28  init.o(.text)
    __scatterload_rt2                        0x08009855   Thumb Code     0  init.o(.text)
    __decompress                             0x08009879   Thumb Code     0  __dczerorl2.o(.text)
    __decompress1                            0x08009879   Thumb Code    86  __dczerorl2.o(.text)
    __0printf$bare                           0x080098d1   Thumb Code     8  printfb.o(i.__0printf$bare)
    __1printf$bare                           0x080098d1   Thumb Code     0  printfb.o(i.__0printf$bare)
    __2printf                                0x080098d1   Thumb Code     0  printfb.o(i.__0printf$bare)
    __ARM_fpclassify                         0x080098e1   Thumb Code    48  fpclassify.o(i.__ARM_fpclassify)
    __hardfp_asin                            0x08009911   Thumb Code   770  asin.o(i.__hardfp_asin)
    __hardfp_atan                            0x08009c81   Thumb Code   632  atan.o(i.__hardfp_atan)
    __hardfp_atan2                           0x08009f61   Thumb Code   426  atan2.o(i.__hardfp_atan2)
    __hardfp_fabs                            0x0800a151   Thumb Code    20  fabs.o(i.__hardfp_fabs)
    __hardfp_sqrt                            0x0800a165   Thumb Code   122  sqrt.o(i.__hardfp_sqrt)
    __kernel_poly                            0x0800a1df   Thumb Code   248  poly.o(i.__kernel_poly)
    __mathlib_dbl_underflow                  0x0800a2d9   Thumb Code    24  dunder.o(i.__mathlib_dbl_underflow)
    __scatterload_copy                       0x0800a2f9   Thumb Code    14  handlers.o(i.__scatterload_copy)
    __scatterload_null                       0x0800a307   Thumb Code     2  handlers.o(i.__scatterload_null)
    __scatterload_zeroinit                   0x0800a309   Thumb Code    14  handlers.o(i.__scatterload_zeroinit)
    __set_errno                              0x0800a319   Thumb Code     6  errno.o(i.__set_errno)
    atan                                     0x0800a347   Thumb Code    16  atan.o(i.atan)
    fabs                                     0x0800a357   Thumb Code    24  fabs.o(i.fabs)
    free                                     0x0800a371   Thumb Code    76  malloc.o(i.free)
    malloc                                   0x0800a3c1   Thumb Code    92  malloc.o(i.malloc)
    sqrt                                     0x0800a42d   Thumb Code   110  sqrt.o(i.sqrt)
    lost_counter_len                         0x0800a49c   Data          44  supervisetask.o(.constdata)
    CRC8_INIT                                0x0800a4c8   Data           1  mf_crc8.o(.constdata)
    CRC8_TAB                                 0x0800a4c9   Data         256  mf_crc8.o(.constdata)
    wCRC_Table                               0x0800a5ca   Data         512  mf_crc16.o(.constdata)
    __mathlib_zero                           0x0800a8b8   Data           8  qnan.o(.constdata)
    Region$$Table$$Base                      0x0800a8c0   Number         0  anon$$obj.o(Region$$Table)
    Region$$Table$$Limit                     0x0800a8e0   Number         0  anon$$obj.o(Region$$Table)
    Upload_Speed                             0x20000000   Data           4  main.o(.data)
    power1                                   0x20000004   Data           2  main.o(.data)
    power2                                   0x20000006   Data           2  main.o(.data)
    system_micrsecond                        0x20000008   Data           4  main.o(.data)
    UART_TranFifo                            0x20000010   Data           4  usart3.o(.data)
    receive_from_pi                          0x20000014   Data           1  usart3.o(.data)
    SystemCoreClock                          0x20000034   Data           4  system_stm32f4xx.o(.data)
    AHBPrescTable                            0x20000038   Data          16  system_stm32f4xx.o(.data)
    exInt                                    0x20000048   Data           4  imu.o(.data)
    eyInt                                    0x2000004c   Data           4  imu.o(.data)
    ezInt                                    0x20000050   Data           4  imu.o(.data)
    q0                                       0x20000054   Data           4  imu.o(.data)
    q1                                       0x20000058   Data           4  imu.o(.data)
    q2                                       0x2000005c   Data           4  imu.o(.data)
    q3                                       0x20000060   Data           4  imu.o(.data)
    lastUpdate                               0x20000088   Data           4  imu.o(.data)
    now                                      0x2000008c   Data           4  imu.o(.data)
    yaw_temp                                 0x20000090   Data           4  imu.o(.data)
    pitch_temp                               0x20000094   Data           4  imu.o(.data)
    roll_temp                                0x20000098   Data           4  imu.o(.data)
    last_yaw_temp                            0x2000009c   Data           4  imu.o(.data)
    last_pitch_temp                          0x200000a0   Data           4  imu.o(.data)
    last_roll_temp                           0x200000a4   Data           4  imu.o(.data)
    yaw_angle                                0x200000a8   Data           4  imu.o(.data)
    pitch_angle                              0x200000ac   Data           4  imu.o(.data)
    roll_angle                               0x200000b0   Data           4  imu.o(.data)
    HMC5883_lastx                            0x200000b8   Data           4  mpu6050_driver.o(.data)
    HMC5883_lasty                            0x200000bc   Data           4  mpu6050_driver.o(.data)
    HMC5883_lastz                            0x200000c0   Data           4  mpu6050_driver.o(.data)
    MPU6050_Lastax                           0x200000c4   Data           2  mpu6050_driver.o(.data)
    MPU6050_Lastay                           0x200000c6   Data           2  mpu6050_driver.o(.data)
    MPU6050_Lastaz                           0x200000c8   Data           2  mpu6050_driver.o(.data)
    MPU6050_Lastgx                           0x200000ca   Data           2  mpu6050_driver.o(.data)
    MPU6050_Lastgy                           0x200000cc   Data           2  mpu6050_driver.o(.data)
    MPU6050_Lastgz                           0x200000ce   Data           2  mpu6050_driver.o(.data)
    isMPU6050_is_DRY                         0x200000d0   Data           1  mpu6050_interrupt.o(.data)
    PIDCaliData                              0x200000e0   Data           8  iotask.o(.data)
    GimbalSavedCaliData                      0x200000e8   Data           5  iotask.o(.data)
    GyroSavedCaliData                        0x200000ed   Data           7  iotask.o(.data)
    PitchPositionSavedPID                    0x200000f4   Data           8  iotask.o(.data)
    PitchSpeedSavedPID                       0x200000fc   Data           8  iotask.o(.data)
    YawPositionSavedPID                      0x20000104   Data           8  iotask.o(.data)
    YawSpeedSavedPID                         0x2000010c   Data           8  iotask.o(.data)
    app_param_calied_flag                    0x20000114   Data           1  iotask.o(.data)
    GMPPositionPID                           0x20000150   Data          80  controltask.o(.data)
    GMPSpeedPID                              0x200001a0   Data          80  controltask.o(.data)
    GMYPositionPID                           0x200001f0   Data          80  controltask.o(.data)
    GMYSpeedPID                              0x20000240   Data          80  controltask.o(.data)
    CMRotatePID                              0x20000290   Data          80  controltask.o(.data)
    CM1SpeedPID                              0x200002e0   Data          80  controltask.o(.data)
    CM2SpeedPID                              0x20000330   Data          80  controltask.o(.data)
    CM3SpeedPID                              0x20000380   Data          80  controltask.o(.data)
    CM4SpeedPID                              0x200003d0   Data          80  controltask.o(.data)
    ShootMotorPositionPID                    0x20000420   Data          80  controltask.o(.data)
    ShootMotorSpeedPID                       0x20000470   Data          80  controltask.o(.data)
    lastWorkState                            0x200004c0   Data           1  controltask.o(.data)
    workState                                0x200004c1   Data           1  controltask.o(.data)
    GMPitchRamp                              0x200004c4   Data          36  controltask.o(.data)
    GMYawRamp                                0x200004e8   Data          36  controltask.o(.data)
    error_now                                0x2000050c   Data           4  controltask.o(.data)
    error_last                               0x20000510   Data           4  controltask.o(.data)
    error_now_yaw                            0x20000514   Data           4  controltask.o(.data)
    error_last_yaw                           0x20000518   Data           4  controltask.o(.data)
    pwm_ccr                                  0x2000051c   Data           2  controltask.o(.data)
    ChassisSpeedRef                          0x20000524   Data           6  remotetask.o(.data)
    friction_wheel_state                     0x2000052a   Data           1  remotetask.o(.data)
    frictionRamp                             0x20000530   Data          36  remotetask.o(.data)
    LRSpeedRamp                              0x20000554   Data          36  remotetask.o(.data)
    FBSpeedRamp                              0x20000578   Data          36  remotetask.o(.data)
    ZGyroModuleAngle                         0x200005ac   Data           4  canbustask.o(.data)
    lost_counter                             0x200005b0   Data          44  supervisetask.o(.data)
    lost_err                                 0x200005dc   Data           4  supervisetask.o(.data)
    CRC_INIT                                 0x200005f2   Data           2  mf_crc16.o(.data)
    __stdout                                 0x200005f4   Data           4  stdout.o(.data)
    __microlib_freelist                      0x200005f8   Data           4  mvars.o(.data)
    __microlib_freelist_initialised          0x200005fc   Data           4  mvars.o(.data)
    mygetqval                                0x20000844   Data          36  imu.o(.bss)
    angle                                    0x20000878   Data          12  imu.o(.bss)
    MPU6050_Raw_Data                         0x20000884   Data          20  mpu6050_driver.o(.bss)
    MPU6050_Real_Data                        0x20000898   Data          40  mpu6050_driver.o(.bss)
    ahrs                                     0x200008c0   Data          12  mpu6050_driver.o(.bss)
    mpu_buf                                  0x200008cc   Data          20  mpu6050_driver.o(.bss)
    MPU6050_FIFO                             0x200008e0   Data         132  mpu6050_driver.o(.bss)
    HMC5883_FIFO                             0x20000964   Data          66  mpu6050_driver.o(.bss)
    MagMaxMinData                            0x200009a6   Data          12  mpu6050_driver.o(.bss)
    gAppParamStruct                          0x200009b2   Data          87  iotask.o(.bss)
    AccSavedCaliData                         0x20000a1c   Data          19  iotask.o(.bss)
    MagSavedCaliData                         0x20000a2f   Data          19  iotask.o(.bss)
    RC_CtrlData                              0x20000a44   Data          22  remotetask.o(.bss)
    GimbalRef                                0x20000a5c   Data          24  remotetask.o(.bss)
    CM1Encoder                               0x20000a8c   Data          68  canbustask.o(.bss)
    CM2Encoder                               0x20000ad0   Data          68  canbustask.o(.bss)
    CM3Encoder                               0x20000b14   Data          68  canbustask.o(.bss)
    CM4Encoder                               0x20000b58   Data          68  canbustask.o(.bss)
    GMYawEncoder                             0x20000b9c   Data          68  canbustask.o(.bss)
    GMPitchEncoder                           0x20000be0   Data          68  canbustask.o(.bss)
    __heap_base                              0x20000d30   Data           0  startup_stm32f4xx.o(HEAP)
    __heap_limit                             0x20000f30   Data           0  startup_stm32f4xx.o(HEAP)
    __initial_sp                             0x20001930   Data           0  startup_stm32f4xx.o(STACK)



==============================================================================

Memory Map of the image

  Image Entry point : 0x08000189

  Load Region LR_IROM1 (Base: 0x08000000, Size: 0x0000aee4, Max: 0x00100000, ABSOLUTE, COMPRESSED[0x0000a988])

    Execution Region ER_IROM1 (Base: 0x08000000, Size: 0x0000a8e0, Max: 0x00100000, ABSOLUTE)

    Base Addr    Size         Type   Attr      Idx    E Section Name        Object

    0x08000000   0x00000188   Data   RO          498    RESET               startup_stm32f4xx.o
    0x08000188   0x00000000   Code   RO         1619  * .ARM.Collect$$$$00000000  mc_w.l(entry.o)
    0x08000188   0x00000004   Code   RO         1961    .ARM.Collect$$$$00000001  mc_w.l(entry2.o)
    0x0800018c   0x00000004   Code   RO         1964    .ARM.Collect$$$$00000004  mc_w.l(entry5.o)
    0x08000190   0x00000000   Code   RO         1966    .ARM.Collect$$$$00000008  mc_w.l(entry7b.o)
    0x08000190   0x00000000   Code   RO         1968    .ARM.Collect$$$$0000000A  mc_w.l(entry8b.o)
    0x08000190   0x00000008   Code   RO         1969    .ARM.Collect$$$$0000000B  mc_w.l(entry9a.o)
    0x08000198   0x00000000   Code   RO         1971    .ARM.Collect$$$$0000000D  mc_w.l(entry10a.o)
    0x08000198   0x00000000   Code   RO         1973    .ARM.Collect$$$$0000000F  mc_w.l(entry11a.o)
    0x08000198   0x00000004   Code   RO         1962    .ARM.Collect$$$$00002712  mc_w.l(entry2.o)
    0x0800019c   0x00000060   Code   RO            3    .text               main.o
    0x080001fc   0x00000050   Code   RO          201    .text               bsp.o
    0x0800024c   0x00000040   Code   RO          228    .text               led.o
    0x0800028c   0x00000128   Code   RO          248    .text               gun.o
    0x080003b4   0x000001b0   Code   RO          271    .text               can1.o
    0x08000564   0x00000150   Code   RO          291    .text               can2.o
    0x080006b4   0x0000006c   Code   RO          314    .text               delay.o
    0x08000720   0x00000104   Code   RO          334    .text               exti.o
    0x08000824   0x0000003c   Code   RO          354    .text               laser.o
    0x08000860   0x000001b4   Code   RO          374    .text               timer.o
    0x08000a14   0x00000204   Code   RO          397    .text               usart1.o
    0x08000c18   0x0000062c   Code   RO          426    .text               usart3.o
    0x08001244   0x0000009c   Code   RO          453    .text               encoder.o
    0x080012e0   0x00000174   Code   RO          475    .text               bsp_flash.o
    0x08001454   0x00000024   Code   RO          499    .text               startup_stm32f4xx.o
    0x08001478   0x00000018   Code   RO          505    .text               stm32f4xx_it.o
    0x08001490   0x000000e0   Code   RO          528    .text               misc.o
    0x08001570   0x000009f0   Code   RO          597    .text               stm32f4xx_can.o
    0x08001f60   0x000003a8   Code   RO          666    .text               stm32f4xx_dma.o
    0x08002308   0x0000011c   Code   RO          689    .text               stm32f4xx_exti.o
    0x08002424   0x000004bc   Code   RO          712    .text               stm32f4xx_flash.o
    0x080028e0   0x0000025c   Code   RO          735    .text               stm32f4xx_gpio.o
    0x08002b3c   0x00000588   Code   RO          781    .text               stm32f4xx_rcc.o
    0x080030c4   0x0000008c   Code   RO          829    .text               stm32f4xx_syscfg.o
    0x08003150   0x00000ca2   Code   RO          852    .text               stm32f4xx_tim.o
    0x08003df2   0x00000002   PAD
    0x08003df4   0x0000041a   Code   RO          875    .text               stm32f4xx_usart.o
    0x0800420e   0x00000002   PAD
    0x08004210   0x00000210   Code   RO          898    .text               system_stm32f4xx.o
    0x08004420   0x00000f44   Code   RO          947    .text               imu.o
    0x08005364   0x000003d4   Code   RO          975    .text               mpu6050_i2c.o
    0x08005738   0x00000938   Code   RO          995    .text               mpu6050_driver.o
    0x08006070   0x000000a8   Code   RO         1027    .text               mpu6050_interrupt.o
    0x08006118   0x0000099c   Code   RO         1053    .text               iotask.o
    0x08006ab4   0x000008b8   Code   RO         1081    .text               controltask.o
    0x0800736c   0x00000978   Code   RO         1107    .text               remotetask.o
    0x08007ce4   0x0000038c   Code   RO         1135    .text               canbustask.o
    0x08008070   0x000002f0   Code   RO         1162    .text               supervisetask.o
    0x08008360   0x000005b0   Code   RO         1190    .text               Protocol.lib(protocal_parser.o)
    0x08008910   0x000005a4   Code   RO         1281    .text               RMLib.lib(fifo.o)
    0x08008eb4   0x00000070   Code   RO         1361    .text               RMLib.lib(ramp.o)
    0x08008f24   0x00000020   Code   RO         1494    .text               RMLib.lib(lostcounter.o)
    0x08008f44   0x00000120   Code   RO         1517    .text               RMLib.lib(pid_regulator.o)
    0x08009064   0x00000074   Code   RO         1541    .text               Protocol.lib(mf_crc8.o)
    0x080090d8   0x000000a0   Code   RO         1556    .text               Protocol.lib(mf_crc16.o)
    0x08009178   0x00000024   Code   RO         1622    .text               mc_w.l(memcpya.o)
    0x0800919c   0x00000024   Code   RO         1624    .text               mc_w.l(memseta.o)
    0x080091c0   0x0000014e   Code   RO         1916    .text               mf_w.l(dadd.o)
    0x0800930e   0x000000e4   Code   RO         1918    .text               mf_w.l(dmul.o)
    0x080093f2   0x000000de   Code   RO         1920    .text               mf_w.l(ddiv.o)
    0x080094d0   0x00000022   Code   RO         1924    .text               mf_w.l(dflti.o)
    0x080094f2   0x0000001a   Code   RO         1926    .text               mf_w.l(dfltui.o)
    0x0800950c   0x0000003e   Code   RO         1928    .text               mf_w.l(dfixi.o)
    0x0800954a   0x00000032   Code   RO         1930    .text               mf_w.l(dfixui.o)
    0x0800957c   0x00000026   Code   RO         1932    .text               mf_w.l(f2d.o)
    0x080095a2   0x00000002   PAD
    0x080095a4   0x00000028   Code   RO         1934    .text               mf_w.l(cdcmple.o)
    0x080095cc   0x00000028   Code   RO         1936    .text               mf_w.l(cdrcmple.o)
    0x080095f4   0x00000038   Code   RO         1938    .text               mf_w.l(d2f.o)
    0x0800962c   0x0000001e   Code   RO         1980    .text               mc_w.l(llshl.o)
    0x0800964a   0x00000020   Code   RO         1982    .text               mc_w.l(llushr.o)
    0x0800966a   0x00000024   Code   RO         1984    .text               mc_w.l(llsshr.o)
    0x0800968e   0x00000000   Code   RO         1995    .text               mc_w.l(iusefp.o)
    0x0800968e   0x0000006e   Code   RO         1996    .text               mf_w.l(fepilogue.o)
    0x080096fc   0x000000b6   Code   RO         1998    .text               mf_w.l(depilogue.o)
    0x080097b2   0x000000a2   Code   RO         2000    .text               mf_w.l(dsqrt.o)
    0x08009854   0x00000024   Code   RO         2004    .text               mc_w.l(init.o)
    0x08009878   0x00000056   Code   RO         2014    .text               mc_w.l(__dczerorl2.o)
    0x080098ce   0x00000002   PAD
    0x080098d0   0x00000010   Code   RO         1629    i.__0printf$bare    mc_w.l(printfb.o)
    0x080098e0   0x00000030   Code   RO         1956    i.__ARM_fpclassify  m_wm.l(fpclassify.o)
    0x08009910   0x00000370   Code   RO         1575    i.__hardfp_asin     m_wm.l(asin.o)
    0x08009c80   0x000002e0   Code   RO         1940    i.__hardfp_atan     m_wm.l(atan.o)
    0x08009f60   0x000001f0   Code   RO         1589    i.__hardfp_atan2    m_wm.l(atan2.o)
    0x0800a150   0x00000014   Code   RO         1601    i.__hardfp_fabs     m_wm.l(fabs.o)
    0x0800a164   0x0000007a   Code   RO         1607    i.__hardfp_sqrt     m_wm.l(sqrt.o)
    0x0800a1de   0x000000f8   Code   RO         1958    i.__kernel_poly     m_wm.l(poly.o)
    0x0800a2d6   0x00000002   PAD
    0x0800a2d8   0x00000020   Code   RO         1954    i.__mathlib_dbl_underflow  m_wm.l(dunder.o)
    0x0800a2f8   0x0000000e   Code   RO         2008    i.__scatterload_copy  mc_w.l(handlers.o)
    0x0800a306   0x00000002   Code   RO         2009    i.__scatterload_null  mc_w.l(handlers.o)
    0x0800a308   0x0000000e   Code   RO         2010    i.__scatterload_zeroinit  mc_w.l(handlers.o)
    0x0800a316   0x00000002   PAD
    0x0800a318   0x0000000c   Code   RO         1990    i.__set_errno       mc_w.l(errno.o)
    0x0800a324   0x00000022   Code   RO         1636    i._printf_core      mc_w.l(printfb.o)
    0x0800a346   0x00000010   Code   RO         1942    i.atan              m_wm.l(atan.o)
    0x0800a356   0x00000018   Code   RO         1603    i.fabs              m_wm.l(fabs.o)
    0x0800a36e   0x00000002   PAD
    0x0800a370   0x00000050   Code   RO         1888    i.free              mc_w.l(malloc.o)
    0x0800a3c0   0x0000006c   Code   RO         1889    i.malloc            mc_w.l(malloc.o)
    0x0800a42c   0x0000006e   Code   RO         1609    i.sqrt              m_wm.l(sqrt.o)
    0x0800a49a   0x00000002   PAD
    0x0800a49c   0x0000002c   Data   RO         1164    .constdata          supervisetask.o
    0x0800a4c8   0x00000101   Data   RO         1542    .constdata          Protocol.lib(mf_crc8.o)
    0x0800a5c9   0x00000001   PAD
    0x0800a5ca   0x00000200   Data   RO         1557    .constdata          Protocol.lib(mf_crc16.o)
    0x0800a7ca   0x00000006   PAD
    0x0800a7d0   0x00000050   Data   RO         1578    .constdata          m_wm.l(asin.o)
    0x0800a820   0x00000098   Data   RO         1943    .constdata          m_wm.l(atan.o)
    0x0800a8b8   0x00000008   Data   RO         1960    .constdata          m_wm.l(qnan.o)
    0x0800a8c0   0x00000020   Data   RO         2006    Region$$Table       anon$$obj.o


    Execution Region RW_IRAM1 (Base: 0x20000000, Size: 0x00001930, Max: 0x00020000, ABSOLUTE, COMPRESSED[0x000000a8])

    Base Addr    Size         Type   Attr      Idx    E Section Name        Object

    0x20000000   0x0000000c   Data   RW            4    .data               main.o
    0x2000000c   0x00000004   Data   RW          399    .data               usart1.o
    0x20000010   0x00000010   Data   RW          428    .data               usart3.o
    0x20000020   0x00000001   Data   RW          454    .data               encoder.o
    0x20000021   0x00000010   Data   RW          782    .data               stm32f4xx_rcc.o
    0x20000031   0x00000003   PAD
    0x20000034   0x00000014   Data   RW          899    .data               system_stm32f4xx.o
    0x20000048   0x00000070   Data   RW          949    .data               imu.o
    0x200000b8   0x00000018   Data   RW          997    .data               mpu6050_driver.o
    0x200000d0   0x00000001   Data   RW         1028    .data               mpu6050_interrupt.o
    0x200000d1   0x00000003   PAD
    0x200000d4   0x0000007a   Data   RW         1055    .data               iotask.o
    0x2000014e   0x00000002   PAD
    0x20000150   0x000003d4   Data   RW         1082    .data               controltask.o
    0x20000524   0x00000084   Data   RW         1109    .data               remotetask.o
    0x200005a8   0x00000008   Data   RW         1137    .data               canbustask.o
    0x200005b0   0x0000003c   Data   RW         1165    .data               supervisetask.o
    0x200005ec   0x00000005   Data   RW         1192    .data               Protocol.lib(protocal_parser.o)
    0x200005f1   0x00000001   PAD
    0x200005f2   0x00000002   Data   RW         1558    .data               Protocol.lib(mf_crc16.o)
    0x200005f4   0x00000004   Data   RW         1975    .data               mc_w.l(stdout.o)
    0x200005f8   0x00000004   Data   RW         1986    .data               mc_w.l(mvars.o)
    0x200005fc   0x00000004   Data   RW         1987    .data               mc_w.l(mvars.o)
    0x20000600   0x00000004   Data   RW         1991    .data               mc_w.l(errno.o)
    0x20000604   0x0000013e   Zero   RW          398    .bss                usart1.o
    0x20000742   0x00000100   Zero   RW          427    .bss                usart3.o
    0x20000842   0x00000002   PAD
    0x20000844   0x00000040   Zero   RW          948    .bss                imu.o
    0x20000884   0x0000012e   Zero   RW          996    .bss                mpu6050_driver.o
    0x200009b2   0x00000090   Zero   RW         1054    .bss                iotask.o
    0x20000a42   0x00000002   PAD
    0x20000a44   0x00000047   Zero   RW         1108    .bss                remotetask.o
    0x20000a8b   0x00000001   PAD
    0x20000a8c   0x00000198   Zero   RW         1136    .bss                canbustask.o
    0x20000c24   0x0000010a   Zero   RW         1191    .bss                Protocol.lib(protocal_parser.o)
    0x20000d2e   0x00000002   PAD
    0x20000d30   0x00000200   Zero   RW          497    HEAP                startup_stm32f4xx.o
    0x20000f30   0x00000a00   Zero   RW          496    STACK               startup_stm32f4xx.o


==============================================================================

Image component sizes


      Code (inc. data)   RO Data    RW Data    ZI Data      Debug   Object Name

        80          6          0          0          0        571   bsp.o
       372         48          0          0          0       2342   bsp_flash.o
       432         12          0          0          0       1349   can1.o
       336          8          0          0          0       1128   can2.o
       908         52          0          8        408       3272   canbustask.o
      2232        244          0        980          0       6364   controltask.o
       108          0          0          0          0       1278   delay.o
       156         14          0          1          0       1378   encoder.o
       260          8          0          0          0        999   exti.o
       296         14          0          0          0        772   gun.o
      3908        332          0        112         64       4809   imu.o
      2460        210          0        122        144      10195   iotask.o
        60          6          0          0          0        590   laser.o
        64          6          0          0          0        576   led.o
        96         16          0         12          0     300591   main.o
       224         20          0          0          0     211141   misc.o
      2360        290          0         24        302      10018   mpu6050_driver.o
       980         90          0          0          0       3955   mpu6050_i2c.o
       168         10          0          1          0       1187   mpu6050_interrupt.o
      2424        200          0        132         71       8282   remotetask.o
        36          8        392          0       3072        880   startup_stm32f4xx.o
      2544         38          0          0          0      16392   stm32f4xx_can.o
       936         32          0          0          0      19037   stm32f4xx_dma.o
       284         10          0          0          0       4827   stm32f4xx_exti.o
      1212         26          0          0          0      12381   stm32f4xx_flash.o
       604         36          0          0          0      10553   stm32f4xx_gpio.o
        24          0          0          0          0       1210   stm32f4xx_it.o
      1416         48          0         16          0      24055   stm32f4xx_rcc.o
       140         12          0          0          0       1751   stm32f4xx_syscfg.o
      3234         60          0          0          0      42204   stm32f4xx_tim.o
      1050         26          0          0          0      13872   stm32f4xx_usart.o
       752         28         44         60          0       5435   supervisetask.o
       528         46          0         20          0       2055   system_stm32f4xx.o
       436         18          0          0          0       1781   timer.o
       516         28          0          4        318       2981   usart1.o
      1580         54          0         16        256       4163   usart3.o

    ----------------------------------------------------------------------
     33220       2056        468       1516       4640     734374   Object Totals
         0          0         32          0          0          0   (incl. Generated)
         4          0          0          8          5          0   (incl. Padding)

    ----------------------------------------------------------------------

      Code (inc. data)   RO Data    RW Data    ZI Data      Debug   Library Member Name

       160         10        512          2          0       2386   mf_crc16.o
       116          4        257          0          0       1882   mf_crc8.o
      1456         28          0          5        266      13116   protocal_parser.o
      1444          0          0          0          0       8256   fifo.o
        32          0          0          0          0       1640   lostcounter.o
       288          4          0          0          0       1785   pid_regulator.o
       112          6          0          0          0       2612   ramp.o
       880        110         80          0          0        200   asin.o
       752        104        152          0          0        344   atan.o
       496         70          0          0          0        156   atan2.o
        32          8          0          0          0        124   dunder.o
        44          0          0          0          0        248   fabs.o
        48          0          0          0          0        124   fpclassify.o
       248          0          0          0          0        152   poly.o
         0          0          8          0          0          0   qnan.o
       232          0          0          0          0        296   sqrt.o
        86          0          0          0          0          0   __dczerorl2.o
         0          0          0          0          0          0   entry.o
         0          0          0          0          0          0   entry10a.o
         0          0          0          0          0          0   entry11a.o
         8          4          0          0          0          0   entry2.o
         4          0          0          0          0          0   entry5.o
         0          0          0          0          0          0   entry7b.o
         0          0          0          0          0          0   entry8b.o
         8          4          0          0          0          0   entry9a.o
        12          6          0          4          0         68   errno.o
        30          0          0          0          0          0   handlers.o
        36          8          0          0          0         68   init.o
         0          0          0          0          0          0   iusefp.o
        30          0          0          0          0         68   llshl.o
        36          0          0          0          0         68   llsshr.o
        32          0          0          0          0         68   llushr.o
       188         20          0          0          0        160   malloc.o
        36          0          0          0          0         68   memcpya.o
        36          0          0          0          0        108   memseta.o
         0          0          0          8          0          0   mvars.o
        50          8          0          0          0        152   printfb.o
         0          0          0          4          0          0   stdout.o
        40          2          0          0          0         68   cdcmple.o
        40          2          0          0          0         68   cdrcmple.o
        56          0          0          0          0         88   d2f.o
       334          0          0          0          0        148   dadd.o
       222          0          0          0          0        100   ddiv.o
       182          0          0          0          0        176   depilogue.o
        62          0          0          0          0         80   dfixi.o
        50          0          0          0          0         76   dfixui.o
        34          0          0          0          0         76   dflti.o
        26          0          0          0          0         76   dfltui.o
       228          0          0          0          0         96   dmul.o
       162          0          0          0          0        100   dsqrt.o
        38          0          0          0          0         68   f2d.o
       110          0          0          0          0        168   fepilogue.o

    ----------------------------------------------------------------------
      8528        398       1016         24        268      35537   Library Totals
        12          0          7          1          2          0   (incl. Padding)

    ----------------------------------------------------------------------

      Code (inc. data)   RO Data    RW Data    ZI Data      Debug   Library Name

      1732         42        769          7        266      17384   Protocol.lib
      1876         10          0          0          0      14293   RMLib.lib
      2732        292        240          0          0       1644   m_wm.l
       592         50          0         16          0        828   mc_w.l
      1584          4          0          0          0       1388   mf_w.l

    ----------------------------------------------------------------------
      8528        398       1016         24        268      35537   Library Totals

    ----------------------------------------------------------------------

==============================================================================


      Code (inc. data)   RO Data    RW Data    ZI Data      Debug   

     41748       2454       1484       1540       4908     759051   Grand Totals
     41748       2454       1484        168       4908     759051   ELF Image Totals (compressed)
     41748       2454       1484        168          0          0   ROM Totals

==============================================================================

    Total RO  Size (Code + RO Data)                43232 (  42.22kB)
    Total RW  Size (RW Data + ZI Data)              6448 (   6.30kB)
    Total ROM Size (Code + RO Data + RW Data)      43400 (  42.38kB)

==============================================================================

